13:29:14 **** Build of project mcs_cpu_bsp ****
make -k all 
"Running Make include in u_cpu_unit_cpu_i_microblaze_mcs_0_microblaze_I/libsrc/bram_v4_2/src"
make -C u_cpu_unit_cpu_i_microblaze_mcs_0_microblaze_I/libsrc/bram_v4_2/src -s include  "SHELL=CMD" "COMPILER=mb-gcc" "ARCHIVER=mb-ar" "COMPILER_FLAGS=  -O2 -c -mcpu=v10.0 -mlittle-endian -mno-xl-reorder -mxl-soft-mul" "EXTRA_COMPILER_FLAGS=-ffunction-sections -fdata-sections -Wall -Wextra"
"Running Make include in u_cpu_unit_cpu_i_microblaze_mcs_0_microblaze_I/libsrc/cpu_v2_7/src"
make -C u_cpu_unit_cpu_i_microblaze_mcs_0_microblaze_I/libsrc/cpu_v2_7/src -s include  "SHELL=CMD" "COMPILER=mb-gcc" "ARCHIVER=mb-ar" "COMPILER_FLAGS=  -O2 -c -mcpu=v10.0 -mlittle-endian -mno-xl-reorder -mxl-soft-mul" "EXTRA_COMPILER_FLAGS=-ffunction-sections -fdata-sections -Wall -Wextra"
"Running Make include in u_cpu_unit_cpu_i_microblaze_mcs_0_microblaze_I/libsrc/iomodule_v2_5/src"
make -C u_cpu_unit_cpu_i_microblaze_mcs_0_microblaze_I/libsrc/iomodule_v2_5/src -s include  "SHELL=CMD" "COMPILER=mb-gcc" "ARCHIVER=mb-ar" "COMPILER_FLAGS=  -O2 -c -mcpu=v10.0 -mlittle-endian -mno-xl-reorder -mxl-soft-mul" "EXTRA_COMPILER_FLAGS=-ffunction-sections -fdata-sections -Wall -Wextra"
"Running Make include in u_cpu_unit_cpu_i_microblaze_mcs_0_microblaze_I/libsrc/standalone_v6_7/src"
make -C u_cpu_unit_cpu_i_microblaze_mcs_0_microblaze_I/libsrc/standalone_v6_7/src -s include  "SHELL=CMD" "COMPILER=mb-gcc" "ARCHIVER=mb-ar" "COMPILER_FLAGS=  -O2 -c -mcpu=v10.0 -mlittle-endian -mno-xl-reorder -mxl-soft-mul" "EXTRA_COMPILER_FLAGS=-ffunction-sections -fdata-sections -Wall -Wextra"
"Running Make libs in u_cpu_unit_cpu_i_microblaze_mcs_0_microblaze_I/libsrc/bram_v4_2/src"
make -C u_cpu_unit_cpu_i_microblaze_mcs_0_microblaze_I/libsrc/bram_v4_2/src -s libs  "SHELL=CMD" "COMPILER=mb-gcc" "ARCHIVER=mb-ar" "COMPILER_FLAGS=  -O2 -c -mcpu=v10.0 -mlittle-endian -mno-xl-reorder -mxl-soft-mul" "EXTRA_COMPILER_FLAGS=-ffunction-sections -fdata-sections -Wall -Wextra"
"Compiling bram"
xbram_g.c:65:2: warning: missing initializer for field 'CtrlBaseAddress' of 'XBram_Config {aka struct <anonymous>}' [-Wmissing-field-initializers]
  },
  ^
In file included from xbram_g.c:41:0:
xbram.h:175:10: note: 'CtrlBaseAddress' declared here
  UINTPTR CtrlBaseAddress;     /**< Device register base address.*/
          ^~~~~~~~~~~~~~~
xbram_g.c:82:2: warning: missing initializer for field 'CtrlBaseAddress' of 'XBram_Config {aka struct <anonymous>}' [-Wmissing-field-initializers]
  }
  ^
In file included from xbram_g.c:41:0:
xbram.h:175:10: note: 'CtrlBaseAddress' declared here
  UINTPTR CtrlBaseAddress;     /**< Device register base address.*/
          ^~~~~~~~~~~~~~~
mb-ar: creating ../../../lib/libxil.a
"Running Make libs in u_cpu_unit_cpu_i_microblaze_mcs_0_microblaze_I/libsrc/cpu_v2_7/src"
make -C u_cpu_unit_cpu_i_microblaze_mcs_0_microblaze_I/libsrc/cpu_v2_7/src -s libs  "SHELL=CMD" "COMPILER=mb-gcc" "ARCHIVER=mb-ar" "COMPILER_FLAGS=  -O2 -c -mcpu=v10.0 -mlittle-endian -mno-xl-reorder -mxl-soft-mul" "EXTRA_COMPILER_FLAGS=-ffunction-sections -fdata-sections -Wall -Wextra"
"Compiling cpu"
"Running Make libs in u_cpu_unit_cpu_i_microblaze_mcs_0_microblaze_I/libsrc/iomodule_v2_5/src"
make -C u_cpu_unit_cpu_i_microblaze_mcs_0_microblaze_I/libsrc/iomodule_v2_5/src -s libs  "SHELL=CMD" "COMPILER=mb-gcc" "ARCHIVER=mb-ar" "COMPILER_FLAGS=  -O2 -c -mcpu=v10.0 -mlittle-endian -mno-xl-reorder -mxl-soft-mul" "EXTRA_COMPILER_FLAGS=-ffunction-sections -fdata-sections -Wall -Wextra"
"Compiling iomodule"
xiomodule.c: In function 'XIOModule_Initialize':
xiomodule.c:170:18: warning: comparison is always false due to limited range of data type [-Wtype-limits]
  for (Id = 0; Id < XPAR_IOMODULE_INTC_MAX_INTR_SIZE; Id++) {
                  ^
xiomodule.c:216:19: warning: comparison is always false due to limited range of data type [-Wtype-limits]
   for (Id = 0; Id < XPAR_IOMODULE_INTC_MAX_INTR_SIZE; Id++) {
                   ^
In file included from ../../../include/xstatus.h:55:0,
                 from xiomodule.h:265,
                 from xiomodule.c:60:
xiomodule.c: In function 'XIOModule_Connect':
xiomodule.c:344:23: warning: comparison is always false due to limited range of data type [-Wtype-limits]
  Xil_AssertNonvoid(Id < XPAR_IOMODULE_INTC_MAX_INTR_SIZE);
                       ^
../../../include/xil_assert.h:132:9: note: in definition of macro 'Xil_AssertNonvoid'
     if (Expression) {                              \
         ^~~~~~~~~~
xiomodule.c: In function 'XIOModule_Disconnect':
xiomodule.c:384:20: warning: comparison is always false due to limited range of data type [-Wtype-limits]
  Xil_AssertVoid(Id < XPAR_IOMODULE_INTC_MAX_INTR_SIZE);
                    ^
../../../include/xil_assert.h:107:9: note: in definition of macro 'Xil_AssertVoid'
     if (Expression) {                              \
         ^~~~~~~~~~
xiomodule.c: In function 'XIOModule_Enable':
xiomodule.c:434:20: warning: comparison is always false due to limited range of data type [-Wtype-limits]
  Xil_AssertVoid(Id < XPAR_IOMODULE_INTC_MAX_INTR_SIZE);
                    ^
../../../include/xil_assert.h:107:9: note: in definition of macro 'Xil_AssertVoid'
     if (Expression) {                              \
         ^~~~~~~~~~
xiomodule.c: In function 'XIOModule_Disable':
xiomodule.c:480:20: warning: comparison is always false due to limited range of data type [-Wtype-limits]
  Xil_AssertVoid(Id < XPAR_IOMODULE_INTC_MAX_INTR_SIZE);
                    ^
../../../include/xil_assert.h:107:9: note: in definition of macro 'Xil_AssertVoid'
     if (Expression) {                              \
         ^~~~~~~~~~
xiomodule.c: In function 'XIOModule_Acknowledge':
xiomodule.c:524:20: warning: comparison is always false due to limited range of data type [-Wtype-limits]
  Xil_AssertVoid(Id < XPAR_IOMODULE_INTC_MAX_INTR_SIZE);
                    ^
../../../include/xil_assert.h:107:9: note: in definition of macro 'Xil_AssertVoid'
     if (Expression) {                              \
         ^~~~~~~~~~
xiomodule.c: In function 'XIOModule_ConnectFastHandler':
xiomodule.c:629:23: warning: comparison is always false due to limited range of data type [-Wtype-limits]
  Xil_AssertNonvoid(Id < XPAR_IOMODULE_INTC_MAX_INTR_SIZE);
                       ^
../../../include/xil_assert.h:132:9: note: in definition of macro 'Xil_AssertNonvoid'
     if (Expression) {                              \
         ^~~~~~~~~~
xiomodule.c: In function 'XIOModule_SetNormalIntrMode':
xiomodule.c:705:20: warning: comparison is always false due to limited range of data type [-Wtype-limits]
  Xil_AssertVoid(Id < XPAR_IOMODULE_INTC_MAX_INTR_SIZE);
                    ^
../../../include/xil_assert.h:107:9: note: in definition of macro 'Xil_AssertVoid'
     if (Expression) {                              \
         ^~~~~~~~~~
xiomodule_l.c: In function 'XIOModule_DeviceInterruptHandler':
xiomodule_l.c:168:35: warning: comparison of unsigned expression < 0 is always false [-Wtype-limits]
  for (IntrNumber = 0U; IntrNumber < XPAR_IOMODULE_INTC_MAX_INTR_SIZE;
                                   ^
xiomodule_l.c:153:15: warning: variable 'Register' set but not used [-Wunused-but-set-variable]
  volatile u32 Register;   /* used as bit bucket */
               ^~~~~~~~
"Running Make libs in u_cpu_unit_cpu_i_microblaze_mcs_0_microblaze_I/libsrc/standalone_v6_7/src"
make -C u_cpu_unit_cpu_i_microblaze_mcs_0_microblaze_I/libsrc/standalone_v6_7/src -s libs  "SHELL=CMD" "COMPILER=mb-gcc" "ARCHIVER=mb-ar" "COMPILER_FLAGS=  -O2 -c -mcpu=v10.0 -mlittle-endian -mno-xl-reorder -mxl-soft-mul" "EXTRA_COMPILER_FLAGS=-ffunction-sections -fdata-sections -Wall -Wextra"
"Compiling standalone";
microblaze_sleep.c:74:9: note: #pragma message: For the sleep routines, assembly instructions are used
 #pragma message ("For the sleep routines, assembly instructions are used")
         ^~~~~~~
'Finished building libraries'
13:29:51 **** Build of configuration Debug for project mmio_ss_test ****
make all 
'Building file: ../src/main.cc'
'Invoking: MicroBlaze g++ compiler'
mb-g++ -Wall -O0 -g3 -c -fmessage-length=0 -MT"src/main.o" -I../../mcs_cpu_bsp/u_cpu_unit_cpu_i_microblaze_mcs_0_microblaze_I/include -mno-xl-reorder -mlittle-endian -mcpu=v10.0 -mxl-soft-mul -Wl,--no-relax -ffunction-sections -fdata-sections -MMD -MP -MF"src/main.d" -MT"src/main.o" -o "src/main.o" "../src/main.cc"
'Finished building: ../src/main.cc'
' '
'Building target: mmio_ss_test.elf'
'Invoking: MicroBlaze g++ linker'
mb-g++ -Wl,-T -Wl,../src/lscript.ld -L../../mcs_cpu_bsp/u_cpu_unit_cpu_i_microblaze_mcs_0_microblaze_I/lib -mlittle-endian -mcpu=v10.0 -mxl-soft-mul -Wl,--no-relax -Wl,--gc-sections -o "mmio_ss_test.elf"  ./src/main.o   -Wl,--start-group,-lxil,-lgcc,-lc,-lstdc++,--end-group
'Finished building target: mmio_ss_test.elf'
' '
'Invoking: MicroBlaze Print Size'
mb-size mmio_ss_test.elf  |tee "mmio_ss_test.elf.size"
   text	   data	    bss	    dec	    hex	filename
   1952	    268	   3108	   5328	   14d0	mmio_ss_test.elf
'Finished building: mmio_ss_test.elf.size'
' '
13:29:55 **** Auto Build of configuration Debug for project mmio_ss_test ****
make all 
make: Nothing to be done for `all'.
13:30:58 **** Clean-only build of configuration Debug for project mmio_ss_test ****
make clean 
rm -rf  ./src/main.d  ./src/main.o  mmio_ss_test.elf.size  mmio_ss_test.elf
' '

****  of configuration Debug for project mmio_ss_test ****

Nothing to build for project mmio_ss_test

****  of configuration Debug for project mmio_ss_test ****

Nothing to build for project mmio_ss_test
13:31:14 **** Auto Build of configuration Debug for project mmio_ss_test ****
make all 
'Building file: ../src/TimerCore.cpp'
'Invoking: MicroBlaze g++ compiler'
mb-g++ -Wall -O0 -g3 -c -fmessage-length=0 -MT"src/TimerCore.o" -I../../mcs_cpu_bsp/u_cpu_unit_cpu_i_microblaze_mcs_0_microblaze_I/include -mno-xl-reorder -mlittle-endian -mcpu=v10.0 -mxl-soft-mul -Wl,--no-relax -ffunction-sections -fdata-sections -MMD -MP -MF"src/TimerCore.d" -MT"src/TimerCore.o" -o "src/TimerCore.o" "../src/TimerCore.cpp"
'Finished building: ../src/TimerCore.cpp'
' '
'Building file: ../src/chu_init.cpp'
'Invoking: MicroBlaze g++ compiler'
mb-g++ -Wall -O0 -g3 -c -fmessage-length=0 -MT"src/chu_init.o" -I../../mcs_cpu_bsp/u_cpu_unit_cpu_i_microblaze_mcs_0_microblaze_I/include -mno-xl-reorder -mlittle-endian -mcpu=v10.0 -mxl-soft-mul -Wl,--no-relax -ffunction-sections -fdata-sections -MMD -MP -MF"src/chu_init.d" -MT"src/chu_init.o" -o "src/chu_init.o" "../src/chu_init.cpp"
'Finished building: ../src/chu_init.cpp'
' '
'Building file: ../src/gpio_core.cpp'
'Invoking: MicroBlaze g++ compiler'
mb-g++ -Wall -O0 -g3 -c -fmessage-length=0 -MT"src/gpio_core.o" -I../../mcs_cpu_bsp/u_cpu_unit_cpu_i_microblaze_mcs_0_microblaze_I/include -mno-xl-reorder -mlittle-endian -mcpu=v10.0 -mxl-soft-mul -Wl,--no-relax -ffunction-sections -fdata-sections -MMD -MP -MF"src/gpio_core.d" -MT"src/gpio_core.o" -o "src/gpio_core.o" "../src/gpio_core.cpp"
'Finished building: ../src/gpio_core.cpp'
' '
'Building file: ../src/main_vanilla_test.cpp'
'Invoking: MicroBlaze g++ compiler'
mb-g++ -Wall -O0 -g3 -c -fmessage-length=0 -MT"src/main_vanilla_test.o" -I../../mcs_cpu_bsp/u_cpu_unit_cpu_i_microblaze_mcs_0_microblaze_I/include -mno-xl-reorder -mlittle-endian -mcpu=v10.0 -mxl-soft-mul -Wl,--no-relax -ffunction-sections -fdata-sections -MMD -MP -MF"src/main_vanilla_test.d" -MT"src/main_vanilla_test.o" -o "src/main_vanilla_test.o" "../src/main_vanilla_test.cpp"
'Finished building: ../src/main_vanilla_test.cpp'
' '
'Building file: ../src/uart_core.cpp'
'Invoking: MicroBlaze g++ compiler'
mb-g++ -Wall -O0 -g3 -c -fmessage-length=0 -MT"src/uart_core.o" -I../../mcs_cpu_bsp/u_cpu_unit_cpu_i_microblaze_mcs_0_microblaze_I/include -mno-xl-reorder -mlittle-endian -mcpu=v10.0 -mxl-soft-mul -Wl,--no-relax -ffunction-sections -fdata-sections -MMD -MP -MF"src/uart_core.d" -MT"src/uart_core.o" -o "src/uart_core.o" "../src/uart_core.cpp"
'Finished building: ../src/uart_core.cpp'
' '
'Building target: mmio_ss_test.elf'
'Invoking: MicroBlaze g++ linker'
mb-g++ -Wl,-T -Wl,../src/lscript.ld -L../../mcs_cpu_bsp/u_cpu_unit_cpu_i_microblaze_mcs_0_microblaze_I/lib -mlittle-endian -mcpu=v10.0 -mxl-soft-mul -Wl,--no-relax -Wl,--gc-sections -o "mmio_ss_test.elf"  ./src/TimerCore.o ./src/chu_init.o ./src/gpio_core.o ./src/main_vanilla_test.o ./src/uart_core.o   -Wl,--start-group,-lxil,-lgcc,-lc,-lstdc++,--end-group
'Finished building target: mmio_ss_test.elf'
' '
'Invoking: MicroBlaze Print Size'
mb-size mmio_ss_test.elf  |tee "mmio_ss_test.elf.size"
   text	   data	    bss	    dec	    hex	filename
  12152	    284	   3140	  15576	   3cd8	mmio_ss_test.elf
'Finished building: mmio_ss_test.elf.size'
' '
13:39:49 **** Auto Build of configuration Debug for project mmio_ss_test ****
make all 
'Building file: ../src/main_vanilla_test.cpp'
'Invoking: MicroBlaze g++ compiler'
mb-g++ -Wall -O0 -g3 -c -fmessage-length=0 -MT"src/main_vanilla_test.o" -I../../mcs_cpu_bsp/u_cpu_unit_cpu_i_microblaze_mcs_0_microblaze_I/include -mno-xl-reorder -mlittle-endian -mcpu=v10.0 -mxl-soft-mul -Wl,--no-relax -ffunction-sections -fdata-sections -MMD -MP -MF"src/main_vanilla_test.d" -MT"src/main_vanilla_test.o" -o "src/main_vanilla_test.o" "../src/main_vanilla_test.cpp"
'Finished building: ../src/main_vanilla_test.cpp'
' '
'Building target: mmio_ss_test.elf'
'Invoking: MicroBlaze g++ linker'
mb-g++ -Wl,-T -Wl,../src/lscript.ld -L../../mcs_cpu_bsp/u_cpu_unit_cpu_i_microblaze_mcs_0_microblaze_I/lib -mlittle-endian -mcpu=v10.0 -mxl-soft-mul -Wl,--no-relax -Wl,--gc-sections -o "mmio_ss_test.elf"  ./src/TimerCore.o ./src/chu_init.o ./src/gpio_core.o ./src/main_vanilla_test.o ./src/uart_core.o   -Wl,--start-group,-lxil,-lgcc,-lc,-lstdc++,--end-group
'Finished building target: mmio_ss_test.elf'
' '
'Invoking: MicroBlaze Print Size'
mb-size mmio_ss_test.elf  |tee "mmio_ss_test.elf.size"
   text	   data	    bss	    dec	    hex	filename
  11316	    284	   3144	  14744	   3998	mmio_ss_test.elf
'Finished building: mmio_ss_test.elf.size'
' '
13:39:57 **** Incremental Build of configuration Debug for project mmio_ss_test ****
make all 
make: Nothing to be done for `all'.
11:57:24 **** Auto Build of configuration Debug for project mmio_ss_test ****
make all 
'Building file: ../src/main_vanilla_test.cpp'
'Invoking: MicroBlaze g++ compiler'
mb-g++ -Wall -O0 -g3 -c -fmessage-length=0 -MT"src/main_vanilla_test.o" -I../../mcs_cpu_bsp/u_cpu_unit_cpu_i_microblaze_mcs_0_microblaze_I/include -mno-xl-reorder -mlittle-endian -mcpu=v10.0 -mxl-soft-mul -Wl,--no-relax -ffunction-sections -fdata-sections -MMD -MP -MF"src/main_vanilla_test.d" -MT"src/main_vanilla_test.o" -o "src/main_vanilla_test.o" "../src/main_vanilla_test.cpp"
'Finished building: ../src/main_vanilla_test.cpp'
' '
'Building target: mmio_ss_test.elf'
'Invoking: MicroBlaze g++ linker'
mb-g++ -Wl,-T -Wl,../src/lscript.ld -L../../mcs_cpu_bsp/u_cpu_unit_cpu_i_microblaze_mcs_0_microblaze_I/lib -mlittle-endian -mcpu=v10.0 -mxl-soft-mul -Wl,--no-relax -Wl,--gc-sections -o "mmio_ss_test.elf"  ./src/TimerCore.o ./src/chu_init.o ./src/gpio_core.o ./src/main_vanilla_test.o ./src/uart_core.o   -Wl,--start-group,-lxil,-lgcc,-lc,-lstdc++,--end-group
'Finished building target: mmio_ss_test.elf'
' '
'Invoking: MicroBlaze Print Size'
mb-size mmio_ss_test.elf  |tee "mmio_ss_test.elf.size"
   text	   data	    bss	    dec	    hex	filename
  12000	    288	   3136	  15424	   3c40	mmio_ss_test.elf
'Finished building: mmio_ss_test.elf.size'
' '
11:59:02 **** Incremental Build of configuration Debug for project mmio_ss_test ****
make all 
make: Nothing to be done for `all'.
12:02:23 **** Auto Build of configuration Debug for project mmio_ss_test ****
make all 
'Building file: ../src/main_vanilla_test.cpp'
'Invoking: MicroBlaze g++ compiler'
mb-g++ -Wall -O0 -g3 -c -fmessage-length=0 -MT"src/main_vanilla_test.o" -I../../mcs_cpu_bsp/u_cpu_unit_cpu_i_microblaze_mcs_0_microblaze_I/include -mno-xl-reorder -mlittle-endian -mcpu=v10.0 -mxl-soft-mul -Wl,--no-relax -ffunction-sections -fdata-sections -MMD -MP -MF"src/main_vanilla_test.d" -MT"src/main_vanilla_test.o" -o "src/main_vanilla_test.o" "../src/main_vanilla_test.cpp"
'Finished building: ../src/main_vanilla_test.cpp'
' '
'Building target: mmio_ss_test.elf'
'Invoking: MicroBlaze g++ linker'
mb-g++ -Wl,-T -Wl,../src/lscript.ld -L../../mcs_cpu_bsp/u_cpu_unit_cpu_i_microblaze_mcs_0_microblaze_I/lib -mlittle-endian -mcpu=v10.0 -mxl-soft-mul -Wl,--no-relax -Wl,--gc-sections -o "mmio_ss_test.elf"  ./src/TimerCore.o ./src/chu_init.o ./src/gpio_core.o ./src/main_vanilla_test.o ./src/uart_core.o   -Wl,--start-group,-lxil,-lgcc,-lc,-lstdc++,--end-group
'Finished building target: mmio_ss_test.elf'
' '
'Invoking: MicroBlaze Print Size'
mb-size mmio_ss_test.elf  |tee "mmio_ss_test.elf.size"
   text	   data	    bss	    dec	    hex	filename
  12348	    288	   3140	  15776	   3da0	mmio_ss_test.elf
'Finished building: mmio_ss_test.elf.size'
' '
12:02:28 **** Incremental Build of configuration Debug for project mmio_ss_test ****
make all 
make: Nothing to be done for `all'.
12:05:27 **** Auto Build of configuration Debug for project mmio_ss_test ****
make all 
'Building file: ../src/main_vanilla_test.cpp'
'Invoking: MicroBlaze g++ compiler'
mb-g++ -Wall -O0 -g3 -c -fmessage-length=0 -MT"src/main_vanilla_test.o" -I../../mcs_cpu_bsp/u_cpu_unit_cpu_i_microblaze_mcs_0_microblaze_I/include -mno-xl-reorder -mlittle-endian -mcpu=v10.0 -mxl-soft-mul -Wl,--no-relax -ffunction-sections -fdata-sections -MMD -MP -MF"src/main_vanilla_test.d" -MT"src/main_vanilla_test.o" -o "src/main_vanilla_test.o" "../src/main_vanilla_test.cpp"
'Finished building: ../src/main_vanilla_test.cpp'
' '
'Building target: mmio_ss_test.elf'
'Invoking: MicroBlaze g++ linker'
mb-g++ -Wl,-T -Wl,../src/lscript.ld -L../../mcs_cpu_bsp/u_cpu_unit_cpu_i_microblaze_mcs_0_microblaze_I/lib -mlittle-endian -mcpu=v10.0 -mxl-soft-mul -Wl,--no-relax -Wl,--gc-sections -o "mmio_ss_test.elf"  ./src/TimerCore.o ./src/chu_init.o ./src/gpio_core.o ./src/main_vanilla_test.o ./src/uart_core.o   -Wl,--start-group,-lxil,-lgcc,-lc,-lstdc++,--end-group
'Finished building target: mmio_ss_test.elf'
' '
'Invoking: MicroBlaze Print Size'
mb-size mmio_ss_test.elf  |tee "mmio_ss_test.elf.size"
   text	   data	    bss	    dec	    hex	filename
  12188	    288	   3140	  15616	   3d00	mmio_ss_test.elf
'Finished building: mmio_ss_test.elf.size'
' '
12:05:37 **** Auto Build of configuration Debug for project mmio_ss_test ****
make all 
'Building file: ../src/main_vanilla_test.cpp'
'Invoking: MicroBlaze g++ compiler'
mb-g++ -Wall -O0 -g3 -c -fmessage-length=0 -MT"src/main_vanilla_test.o" -I../../mcs_cpu_bsp/u_cpu_unit_cpu_i_microblaze_mcs_0_microblaze_I/include -mno-xl-reorder -mlittle-endian -mcpu=v10.0 -mxl-soft-mul -Wl,--no-relax -ffunction-sections -fdata-sections -MMD -MP -MF"src/main_vanilla_test.d" -MT"src/main_vanilla_test.o" -o "src/main_vanilla_test.o" "../src/main_vanilla_test.cpp"
'Finished building: ../src/main_vanilla_test.cpp'
' '
'Building target: mmio_ss_test.elf'
'Invoking: MicroBlaze g++ linker'
mb-g++ -Wl,-T -Wl,../src/lscript.ld -L../../mcs_cpu_bsp/u_cpu_unit_cpu_i_microblaze_mcs_0_microblaze_I/lib -mlittle-endian -mcpu=v10.0 -mxl-soft-mul -Wl,--no-relax -Wl,--gc-sections -o "mmio_ss_test.elf"  ./src/TimerCore.o ./src/chu_init.o ./src/gpio_core.o ./src/main_vanilla_test.o ./src/uart_core.o   -Wl,--start-group,-lxil,-lgcc,-lc,-lstdc++,--end-group
'Finished building target: mmio_ss_test.elf'
' '
'Invoking: MicroBlaze Print Size'
mb-size mmio_ss_test.elf  |tee "mmio_ss_test.elf.size"
   text	   data	    bss	    dec	    hex	filename
  12188	    288	   3140	  15616	   3d00	mmio_ss_test.elf
'Finished building: mmio_ss_test.elf.size'
' '
12:05:41 **** Auto Build of configuration Debug for project mmio_ss_test ****
make all 
'Building file: ../src/main_vanilla_test.cpp'
'Invoking: MicroBlaze g++ compiler'
mb-g++ -Wall -O0 -g3 -c -fmessage-length=0 -MT"src/main_vanilla_test.o" -I../../mcs_cpu_bsp/u_cpu_unit_cpu_i_microblaze_mcs_0_microblaze_I/include -mno-xl-reorder -mlittle-endian -mcpu=v10.0 -mxl-soft-mul -Wl,--no-relax -ffunction-sections -fdata-sections -MMD -MP -MF"src/main_vanilla_test.d" -MT"src/main_vanilla_test.o" -o "src/main_vanilla_test.o" "../src/main_vanilla_test.cpp"
'Finished building: ../src/main_vanilla_test.cpp'
' '
'Building target: mmio_ss_test.elf'
'Invoking: MicroBlaze g++ linker'
mb-g++ -Wl,-T -Wl,../src/lscript.ld -L../../mcs_cpu_bsp/u_cpu_unit_cpu_i_microblaze_mcs_0_microblaze_I/lib -mlittle-endian -mcpu=v10.0 -mxl-soft-mul -Wl,--no-relax -Wl,--gc-sections -o "mmio_ss_test.elf"  ./src/TimerCore.o ./src/chu_init.o ./src/gpio_core.o ./src/main_vanilla_test.o ./src/uart_core.o   -Wl,--start-group,-lxil,-lgcc,-lc,-lstdc++,--end-group
'Finished building target: mmio_ss_test.elf'
' '
'Invoking: MicroBlaze Print Size'
mb-size mmio_ss_test.elf  |tee "mmio_ss_test.elf.size"
   text	   data	    bss	    dec	    hex	filename
  12052	    288	   3140	  15480	   3c78	mmio_ss_test.elf
'Finished building: mmio_ss_test.elf.size'
' '
12:05:43 **** Auto Build of configuration Debug for project mmio_ss_test ****
make all 
'Building file: ../src/main_vanilla_test.cpp'
'Invoking: MicroBlaze g++ compiler'
mb-g++ -Wall -O0 -g3 -c -fmessage-length=0 -MT"src/main_vanilla_test.o" -I../../mcs_cpu_bsp/u_cpu_unit_cpu_i_microblaze_mcs_0_microblaze_I/include -mno-xl-reorder -mlittle-endian -mcpu=v10.0 -mxl-soft-mul -Wl,--no-relax -ffunction-sections -fdata-sections -MMD -MP -MF"src/main_vanilla_test.d" -MT"src/main_vanilla_test.o" -o "src/main_vanilla_test.o" "../src/main_vanilla_test.cpp"
'Finished building: ../src/main_vanilla_test.cpp'
' '
'Building target: mmio_ss_test.elf'
'Invoking: MicroBlaze g++ linker'
mb-g++ -Wl,-T -Wl,../src/lscript.ld -L../../mcs_cpu_bsp/u_cpu_unit_cpu_i_microblaze_mcs_0_microblaze_I/lib -mlittle-endian -mcpu=v10.0 -mxl-soft-mul -Wl,--no-relax -Wl,--gc-sections -o "mmio_ss_test.elf"  ./src/TimerCore.o ./src/chu_init.o ./src/gpio_core.o ./src/main_vanilla_test.o ./src/uart_core.o   -Wl,--start-group,-lxil,-lgcc,-lc,-lstdc++,--end-group
'Finished building target: mmio_ss_test.elf'
' '
'Invoking: MicroBlaze Print Size'
mb-size mmio_ss_test.elf  |tee "mmio_ss_test.elf.size"
   text	   data	    bss	    dec	    hex	filename
  12028	    288	   3140	  15456	   3c60	mmio_ss_test.elf
'Finished building: mmio_ss_test.elf.size'
' '
12:05:48 **** Incremental Build of configuration Debug for project mmio_ss_test ****
make all 
make: Nothing to be done for `all'.
12:40:42 **** Auto Build of configuration Debug for project mmio_ss_test ****
make all 
'Building file: ../src/main_vanilla_test.cpp'
'Invoking: MicroBlaze g++ compiler'
mb-g++ -Wall -O0 -g3 -c -fmessage-length=0 -MT"src/main_vanilla_test.o" -I../../mcs_cpu_bsp/u_cpu_unit_cpu_i_microblaze_mcs_0_microblaze_I/include -mno-xl-reorder -mlittle-endian -mcpu=v10.0 -mxl-soft-mul -Wl,--no-relax -ffunction-sections -fdata-sections -MMD -MP -MF"src/main_vanilla_test.d" -MT"src/main_vanilla_test.o" -o "src/main_vanilla_test.o" "../src/main_vanilla_test.cpp"
../src/main_vanilla_test.cpp: In function 'void collision_led(GpoCore*, GpiCore*)':
../src/main_vanilla_test.cpp:117:26: warning: comparison between signed and unsigned integer expressions [-Wsign-compare]
     if (now - last_tick1 > speed1) {
         ~~~~~~~~~~~~~~~~~^~~~~~~~
../src/main_vanilla_test.cpp:127:26: warning: comparison between signed and unsigned integer expressions [-Wsign-compare]
     if (now - last_tick2 > speed2) {
         ~~~~~~~~~~~~~~~~~^~~~~~~~
../src/main_vanilla_test.cpp: In function 'int main()':
../src/main_vanilla_test.cpp:156:36: error: too many arguments to function 'void collision_led(GpoCore*, GpiCore*)'
          collision_led(&led, &sw, 6);
                                    ^
../src/main_vanilla_test.cpp:98:6: note: declared here
 void collision_led(GpoCore *led_p, GpiCore *sw_p) {
      ^~~~~~~~~~~~~
make: *** [src/main_vanilla_test.o] Error 1
12:40:58 **** Auto Build of configuration Debug for project mmio_ss_test ****
make all 
'Building file: ../src/main_vanilla_test.cpp'
'Invoking: MicroBlaze g++ compiler'
mb-g++ -Wall -O0 -g3 -c -fmessage-length=0 -MT"src/main_vanilla_test.o" -I../../mcs_cpu_bsp/u_cpu_unit_cpu_i_microblaze_mcs_0_microblaze_I/include -mno-xl-reorder -mlittle-endian -mcpu=v10.0 -mxl-soft-mul -Wl,--no-relax -ffunction-sections -fdata-sections -MMD -MP -MF"src/main_vanilla_test.d" -MT"src/main_vanilla_test.o" -o "src/main_vanilla_test.o" "../src/main_vanilla_test.cpp"
../src/main_vanilla_test.cpp: In function 'void collision_led(GpoCore*, GpiCore*)':
../src/main_vanilla_test.cpp:117:26: warning: comparison between signed and unsigned integer expressions [-Wsign-compare]
     if (now - last_tick1 > speed1) {
         ~~~~~~~~~~~~~~~~~^~~~~~~~
../src/main_vanilla_test.cpp:127:26: warning: comparison between signed and unsigned integer expressions [-Wsign-compare]
     if (now - last_tick2 > speed2) {
         ~~~~~~~~~~~~~~~~~^~~~~~~~
../src/main_vanilla_test.cpp: In function 'int main()':
../src/main_vanilla_test.cpp:156:32: error: too many arguments to function 'void collision_led(GpoCore*, GpiCore*)'
      collision_led(&led, &sw, 6);
                                ^
../src/main_vanilla_test.cpp:98:6: note: declared here
 void collision_led(GpoCore *led_p, GpiCore *sw_p) {
      ^~~~~~~~~~~~~
make: *** [src/main_vanilla_test.o] Error 1
12:41:19 **** Auto Build of configuration Debug for project mmio_ss_test ****
make all 
'Building file: ../src/main_vanilla_test.cpp'
'Invoking: MicroBlaze g++ compiler'
mb-g++ -Wall -O0 -g3 -c -fmessage-length=0 -MT"src/main_vanilla_test.o" -I../../mcs_cpu_bsp/u_cpu_unit_cpu_i_microblaze_mcs_0_microblaze_I/include -mno-xl-reorder -mlittle-endian -mcpu=v10.0 -mxl-soft-mul -Wl,--no-relax -ffunction-sections -fdata-sections -MMD -MP -MF"src/main_vanilla_test.d" -MT"src/main_vanilla_test.o" -o "src/main_vanilla_test.o" "../src/main_vanilla_test.cpp"
../src/main_vanilla_test.cpp: In function 'void collision_led(GpoCore*, GpiCore*)':
../src/main_vanilla_test.cpp:117:26: warning: comparison between signed and unsigned integer expressions [-Wsign-compare]
     if (now - last_tick1 > speed1) {
         ~~~~~~~~~~~~~~~~~^~~~~~~~
../src/main_vanilla_test.cpp:127:26: warning: comparison between signed and unsigned integer expressions [-Wsign-compare]
     if (now - last_tick2 > speed2) {
         ~~~~~~~~~~~~~~~~~^~~~~~~~
'Finished building: ../src/main_vanilla_test.cpp'
' '
'Building target: mmio_ss_test.elf'
'Invoking: MicroBlaze g++ linker'
mb-g++ -Wl,-T -Wl,../src/lscript.ld -L../../mcs_cpu_bsp/u_cpu_unit_cpu_i_microblaze_mcs_0_microblaze_I/lib -mlittle-endian -mcpu=v10.0 -mxl-soft-mul -Wl,--no-relax -Wl,--gc-sections -o "mmio_ss_test.elf"  ./src/TimerCore.o ./src/chu_init.o ./src/gpio_core.o ./src/main_vanilla_test.o ./src/uart_core.o   -Wl,--start-group,-lxil,-lgcc,-lc,-lstdc++,--end-group
'Finished building target: mmio_ss_test.elf'
' '
'Invoking: MicroBlaze Print Size'
mb-size mmio_ss_test.elf  |tee "mmio_ss_test.elf.size"
   text	   data	    bss	    dec	    hex	filename
   9688	    296	   3144	  13128	   3348	mmio_ss_test.elf
'Finished building: mmio_ss_test.elf.size'
' '
12:41:25 **** Incremental Build of configuration Debug for project mmio_ss_test ****
make all 
make: Nothing to be done for `all'.
12:53:43 **** Auto Build of configuration Debug for project mmio_ss_test ****
make all 
'Building file: ../src/main_vanilla_test.cpp'
'Invoking: MicroBlaze g++ compiler'
mb-g++ -Wall -O0 -g3 -c -fmessage-length=0 -MT"src/main_vanilla_test.o" -I../../mcs_cpu_bsp/u_cpu_unit_cpu_i_microblaze_mcs_0_microblaze_I/include -mno-xl-reorder -mlittle-endian -mcpu=v10.0 -mxl-soft-mul -Wl,--no-relax -ffunction-sections -fdata-sections -MMD -MP -MF"src/main_vanilla_test.d" -MT"src/main_vanilla_test.o" -o "src/main_vanilla_test.o" "../src/main_vanilla_test.cpp"
../src/main_vanilla_test.cpp: In function 'void collision_led(GpoCore*, GpiCore*)':
../src/main_vanilla_test.cpp:131:30: warning: comparison between signed and unsigned integer expressions [-Wsign-compare]
         if (now - last_tick1 > speed1) {
             ~~~~~~~~~~~~~~~~~^~~~~~~~
../src/main_vanilla_test.cpp:141:30: warning: comparison between signed and unsigned integer expressions [-Wsign-compare]
         if (now - last_tick2 > speed2) {
             ~~~~~~~~~~~~~~~~~^~~~~~~~
'Finished building: ../src/main_vanilla_test.cpp'
' '
'Building target: mmio_ss_test.elf'
'Invoking: MicroBlaze g++ linker'
mb-g++ -Wl,-T -Wl,../src/lscript.ld -L../../mcs_cpu_bsp/u_cpu_unit_cpu_i_microblaze_mcs_0_microblaze_I/lib -mlittle-endian -mcpu=v10.0 -mxl-soft-mul -Wl,--no-relax -Wl,--gc-sections -o "mmio_ss_test.elf"  ./src/TimerCore.o ./src/chu_init.o ./src/gpio_core.o ./src/main_vanilla_test.o ./src/uart_core.o   -Wl,--start-group,-lxil,-lgcc,-lc,-lstdc++,--end-group
'Finished building target: mmio_ss_test.elf'
' '
'Invoking: MicroBlaze Print Size'
mb-size mmio_ss_test.elf  |tee "mmio_ss_test.elf.size"
   text	   data	    bss	    dec	    hex	filename
   9940	    296	   3148	  13384	   3448	mmio_ss_test.elf
'Finished building: mmio_ss_test.elf.size'
' '
12:53:49 **** Incremental Build of configuration Debug for project mmio_ss_test ****
make all 
make: Nothing to be done for `all'.
12:55:50 **** Auto Build of configuration Debug for project mmio_ss_test ****
make all 
'Building file: ../src/main_vanilla_test.cpp'
'Invoking: MicroBlaze g++ compiler'
mb-g++ -Wall -O0 -g3 -c -fmessage-length=0 -MT"src/main_vanilla_test.o" -I../../mcs_cpu_bsp/u_cpu_unit_cpu_i_microblaze_mcs_0_microblaze_I/include -mno-xl-reorder -mlittle-endian -mcpu=v10.0 -mxl-soft-mul -Wl,--no-relax -ffunction-sections -fdata-sections -MMD -MP -MF"src/main_vanilla_test.d" -MT"src/main_vanilla_test.o" -o "src/main_vanilla_test.o" "../src/main_vanilla_test.cpp"
../src/main_vanilla_test.cpp: In function 'void collision_led(GpoCore*, GpiCore*)':
../src/main_vanilla_test.cpp:118:27: warning: comparison between signed and unsigned integer expressions [-Wsign-compare]
      if (now - last_tick1 > speed1)
          ~~~~~~~~~~~~~~~~~^~~~~~~~
../src/main_vanilla_test.cpp:132:30: warning: comparison between signed and unsigned integer expressions [-Wsign-compare]
         if (now - last_tick1 > speed1) {
             ~~~~~~~~~~~~~~~~~^~~~~~~~
../src/main_vanilla_test.cpp:142:30: warning: comparison between signed and unsigned integer expressions [-Wsign-compare]
         if (now - last_tick2 > speed2) {
             ~~~~~~~~~~~~~~~~~^~~~~~~~
'Finished building: ../src/main_vanilla_test.cpp'
' '
'Building target: mmio_ss_test.elf'
'Invoking: MicroBlaze g++ linker'
mb-g++ -Wl,-T -Wl,../src/lscript.ld -L../../mcs_cpu_bsp/u_cpu_unit_cpu_i_microblaze_mcs_0_microblaze_I/lib -mlittle-endian -mcpu=v10.0 -mxl-soft-mul -Wl,--no-relax -Wl,--gc-sections -o "mmio_ss_test.elf"  ./src/TimerCore.o ./src/chu_init.o ./src/gpio_core.o ./src/main_vanilla_test.o ./src/uart_core.o   -Wl,--start-group,-lxil,-lgcc,-lc,-lstdc++,--end-group
'Finished building target: mmio_ss_test.elf'
' '
'Invoking: MicroBlaze Print Size'
mb-size mmio_ss_test.elf  |tee "mmio_ss_test.elf.size"
   text	   data	    bss	    dec	    hex	filename
   9968	    296	   3144	  13408	   3460	mmio_ss_test.elf
'Finished building: mmio_ss_test.elf.size'
' '
12:55:58 **** Auto Build of configuration Debug for project mmio_ss_test ****
make all 
'Building file: ../src/main_vanilla_test.cpp'
'Invoking: MicroBlaze g++ compiler'
mb-g++ -Wall -O0 -g3 -c -fmessage-length=0 -MT"src/main_vanilla_test.o" -I../../mcs_cpu_bsp/u_cpu_unit_cpu_i_microblaze_mcs_0_microblaze_I/include -mno-xl-reorder -mlittle-endian -mcpu=v10.0 -mxl-soft-mul -Wl,--no-relax -ffunction-sections -fdata-sections -MMD -MP -MF"src/main_vanilla_test.d" -MT"src/main_vanilla_test.o" -o "src/main_vanilla_test.o" "../src/main_vanilla_test.cpp"
../src/main_vanilla_test.cpp: In function 'void collision_led(GpoCore*, GpiCore*)':
../src/main_vanilla_test.cpp:118:27: warning: comparison between signed and unsigned integer expressions [-Wsign-compare]
      if (now - last_tick1 > speed1) {
          ~~~~~~~~~~~~~~~~~^~~~~~~~
../src/main_vanilla_test.cpp:133:30: warning: comparison between signed and unsigned integer expressions [-Wsign-compare]
         if (now - last_tick1 > speed1) {
             ~~~~~~~~~~~~~~~~~^~~~~~~~
../src/main_vanilla_test.cpp:143:30: warning: comparison between signed and unsigned integer expressions [-Wsign-compare]
         if (now - last_tick2 > speed2) {
             ~~~~~~~~~~~~~~~~~^~~~~~~~
'Finished building: ../src/main_vanilla_test.cpp'
' '
'Building target: mmio_ss_test.elf'
'Invoking: MicroBlaze g++ linker'
mb-g++ -Wl,-T -Wl,../src/lscript.ld -L../../mcs_cpu_bsp/u_cpu_unit_cpu_i_microblaze_mcs_0_microblaze_I/lib -mlittle-endian -mcpu=v10.0 -mxl-soft-mul -Wl,--no-relax -Wl,--gc-sections -o "mmio_ss_test.elf"  ./src/TimerCore.o ./src/chu_init.o ./src/gpio_core.o ./src/main_vanilla_test.o ./src/uart_core.o   -Wl,--start-group,-lxil,-lgcc,-lc,-lstdc++,--end-group
'Finished building target: mmio_ss_test.elf'
' '
'Invoking: MicroBlaze Print Size'
mb-size mmio_ss_test.elf  |tee "mmio_ss_test.elf.size"
   text	   data	    bss	    dec	    hex	filename
   9968	    296	   3144	  13408	   3460	mmio_ss_test.elf
'Finished building: mmio_ss_test.elf.size'
' '
12:56:48 **** Auto Build of configuration Debug for project mmio_ss_test ****
make all 
'Building file: ../src/main_vanilla_test.cpp'
'Invoking: MicroBlaze g++ compiler'
mb-g++ -Wall -O0 -g3 -c -fmessage-length=0 -MT"src/main_vanilla_test.o" -I../../mcs_cpu_bsp/u_cpu_unit_cpu_i_microblaze_mcs_0_microblaze_I/include -mno-xl-reorder -mlittle-endian -mcpu=v10.0 -mxl-soft-mul -Wl,--no-relax -ffunction-sections -fdata-sections -MMD -MP -MF"src/main_vanilla_test.d" -MT"src/main_vanilla_test.o" -o "src/main_vanilla_test.o" "../src/main_vanilla_test.cpp"
'Finished building: ../src/main_vanilla_test.cpp'
' '
'Building target: mmio_ss_test.elf'
'Invoking: MicroBlaze g++ linker'
mb-g++ -Wl,-T -Wl,../src/lscript.ld -L../../mcs_cpu_bsp/u_cpu_unit_cpu_i_microblaze_mcs_0_microblaze_I/lib -mlittle-endian -mcpu=v10.0 -mxl-soft-mul -Wl,--no-relax -Wl,--gc-sections -o "mmio_ss_test.elf"  ./src/TimerCore.o ./src/chu_init.o ./src/gpio_core.o ./src/main_vanilla_test.o ./src/uart_core.o   -Wl,--start-group,-lxil,-lgcc,-lc,-lstdc++,--end-group
'Finished building target: mmio_ss_test.elf'
' '
'Invoking: MicroBlaze Print Size'
mb-size mmio_ss_test.elf  |tee "mmio_ss_test.elf.size"
   text	   data	    bss	    dec	    hex	filename
   9968	    296	   3144	  13408	   3460	mmio_ss_test.elf
'Finished building: mmio_ss_test.elf.size'
' '
12:56:54 **** Incremental Build of configuration Debug for project mmio_ss_test ****
make all 
make: Nothing to be done for `all'.
15:03:20 **** Auto Build of configuration Debug for project mmio_ss_test ****
make all 
'Building file: ../src/main_vanilla_test.cpp'
'Invoking: MicroBlaze g++ compiler'
mb-g++ -Wall -O0 -g3 -c -fmessage-length=0 -MT"src/main_vanilla_test.o" -I../../mcs_cpu_bsp/u_cpu_unit_cpu_i_microblaze_mcs_0_microblaze_I/include -mno-xl-reorder -mlittle-endian -mcpu=v10.0 -mxl-soft-mul -Wl,--no-relax -ffunction-sections -fdata-sections -MMD -MP -MF"src/main_vanilla_test.d" -MT"src/main_vanilla_test.o" -o "src/main_vanilla_test.o" "../src/main_vanilla_test.cpp"
'Finished building: ../src/main_vanilla_test.cpp'
' '
'Building target: mmio_ss_test.elf'
'Invoking: MicroBlaze g++ linker'
mb-g++ -Wl,-T -Wl,../src/lscript.ld -L../../mcs_cpu_bsp/u_cpu_unit_cpu_i_microblaze_mcs_0_microblaze_I/lib -mlittle-endian -mcpu=v10.0 -mxl-soft-mul -Wl,--no-relax -Wl,--gc-sections -o "mmio_ss_test.elf"  ./src/TimerCore.o ./src/chu_init.o ./src/gpio_core.o ./src/main_vanilla_test.o ./src/uart_core.o   -Wl,--start-group,-lxil,-lgcc,-lc,-lstdc++,--end-group
'Finished building target: mmio_ss_test.elf'
' '
'Invoking: MicroBlaze Print Size'
mb-size mmio_ss_test.elf  |tee "mmio_ss_test.elf.size"
   text	   data	    bss	    dec	    hex	filename
  12196	    284	   3144	  15624	   3d08	mmio_ss_test.elf
'Finished building: mmio_ss_test.elf.size'
' '
15:03:27 **** Auto Build of configuration Debug for project mmio_ss_test ****
make all 
'Building file: ../src/main_vanilla_test.cpp'
'Invoking: MicroBlaze g++ compiler'
mb-g++ -Wall -O0 -g3 -c -fmessage-length=0 -MT"src/main_vanilla_test.o" -I../../mcs_cpu_bsp/u_cpu_unit_cpu_i_microblaze_mcs_0_microblaze_I/include -mno-xl-reorder -mlittle-endian -mcpu=v10.0 -mxl-soft-mul -Wl,--no-relax -ffunction-sections -fdata-sections -MMD -MP -MF"src/main_vanilla_test.d" -MT"src/main_vanilla_test.o" -o "src/main_vanilla_test.o" "../src/main_vanilla_test.cpp"
'Finished building: ../src/main_vanilla_test.cpp'
' '
'Building target: mmio_ss_test.elf'
'Invoking: MicroBlaze g++ linker'
mb-g++ -Wl,-T -Wl,../src/lscript.ld -L../../mcs_cpu_bsp/u_cpu_unit_cpu_i_microblaze_mcs_0_microblaze_I/lib -mlittle-endian -mcpu=v10.0 -mxl-soft-mul -Wl,--no-relax -Wl,--gc-sections -o "mmio_ss_test.elf"  ./src/TimerCore.o ./src/chu_init.o ./src/gpio_core.o ./src/main_vanilla_test.o ./src/uart_core.o   -Wl,--start-group,-lxil,-lgcc,-lc,-lstdc++,--end-group
'Finished building target: mmio_ss_test.elf'
' '
'Invoking: MicroBlaze Print Size'
mb-size mmio_ss_test.elf  |tee "mmio_ss_test.elf.size"
   text	   data	    bss	    dec	    hex	filename
  11184	    288	   3136	  14608	   3910	mmio_ss_test.elf
'Finished building: mmio_ss_test.elf.size'
' '
15:03:55 **** Incremental Build of configuration Debug for project mmio_ss_test ****
make all 
make: Nothing to be done for `all'.
15:11:29 **** Auto Build of configuration Debug for project mmio_ss_test ****
make all 
'Building file: ../src/main_vanilla_test.cpp'
'Invoking: MicroBlaze g++ compiler'
mb-g++ -Wall -O0 -g3 -c -fmessage-length=0 -MT"src/main_vanilla_test.o" -I../../mcs_cpu_bsp/u_cpu_unit_cpu_i_microblaze_mcs_0_microblaze_I/include -mno-xl-reorder -mlittle-endian -mcpu=v10.0 -mxl-soft-mul -Wl,--no-relax -ffunction-sections -fdata-sections -MMD -MP -MF"src/main_vanilla_test.d" -MT"src/main_vanilla_test.o" -o "src/main_vanilla_test.o" "../src/main_vanilla_test.cpp"
'Finished building: ../src/main_vanilla_test.cpp'
' '
'Building target: mmio_ss_test.elf'
'Invoking: MicroBlaze g++ linker'
mb-g++ -Wl,-T -Wl,../src/lscript.ld -L../../mcs_cpu_bsp/u_cpu_unit_cpu_i_microblaze_mcs_0_microblaze_I/lib -mlittle-endian -mcpu=v10.0 -mxl-soft-mul -Wl,--no-relax -Wl,--gc-sections -o "mmio_ss_test.elf"  ./src/TimerCore.o ./src/chu_init.o ./src/gpio_core.o ./src/main_vanilla_test.o ./src/uart_core.o   -Wl,--start-group,-lxil,-lgcc,-lc,-lstdc++,--end-group
'Finished building target: mmio_ss_test.elf'
' '
'Invoking: MicroBlaze Print Size'
mb-size mmio_ss_test.elf  |tee "mmio_ss_test.elf.size"
   text	   data	    bss	    dec	    hex	filename
  12196	    284	   3144	  15624	   3d08	mmio_ss_test.elf
'Finished building: mmio_ss_test.elf.size'
' '
15:11:33 **** Auto Build of configuration Debug for project mmio_ss_test ****
make all 
'Building file: ../src/main_vanilla_test.cpp'
'Invoking: MicroBlaze g++ compiler'
mb-g++ -Wall -O0 -g3 -c -fmessage-length=0 -MT"src/main_vanilla_test.o" -I../../mcs_cpu_bsp/u_cpu_unit_cpu_i_microblaze_mcs_0_microblaze_I/include -mno-xl-reorder -mlittle-endian -mcpu=v10.0 -mxl-soft-mul -Wl,--no-relax -ffunction-sections -fdata-sections -MMD -MP -MF"src/main_vanilla_test.d" -MT"src/main_vanilla_test.o" -o "src/main_vanilla_test.o" "../src/main_vanilla_test.cpp"
'Finished building: ../src/main_vanilla_test.cpp'
' '
'Building target: mmio_ss_test.elf'
'Invoking: MicroBlaze g++ linker'
mb-g++ -Wl,-T -Wl,../src/lscript.ld -L../../mcs_cpu_bsp/u_cpu_unit_cpu_i_microblaze_mcs_0_microblaze_I/lib -mlittle-endian -mcpu=v10.0 -mxl-soft-mul -Wl,--no-relax -Wl,--gc-sections -o "mmio_ss_test.elf"  ./src/TimerCore.o ./src/chu_init.o ./src/gpio_core.o ./src/main_vanilla_test.o ./src/uart_core.o   -Wl,--start-group,-lxil,-lgcc,-lc,-lstdc++,--end-group
'Finished building target: mmio_ss_test.elf'
' '
'Invoking: MicroBlaze Print Size'
mb-size mmio_ss_test.elf  |tee "mmio_ss_test.elf.size"
   text	   data	    bss	    dec	    hex	filename
  11176	    288	   3136	  14600	   3908	mmio_ss_test.elf
'Finished building: mmio_ss_test.elf.size'
' '
15:12:02 **** Incremental Build of configuration Debug for project mmio_ss_test ****
make all 
make: Nothing to be done for `all'.
15:38:46 **** Auto Build of configuration Debug for project mmio_ss_test ****
make all 
'Building file: ../src/main_vanilla_test.cpp'
'Invoking: MicroBlaze g++ compiler'
mb-g++ -Wall -O0 -g3 -c -fmessage-length=0 -MT"src/main_vanilla_test.o" -I../../mcs_cpu_bsp/u_cpu_unit_cpu_i_microblaze_mcs_0_microblaze_I/include -mno-xl-reorder -mlittle-endian -mcpu=v10.0 -mxl-soft-mul -Wl,--no-relax -ffunction-sections -fdata-sections -MMD -MP -MF"src/main_vanilla_test.d" -MT"src/main_vanilla_test.o" -o "src/main_vanilla_test.o" "../src/main_vanilla_test.cpp"
../src/main_vanilla_test.cpp: In function 'void collision_led(GpoCore*, GpiCore*)':
../src/main_vanilla_test.cpp:123:41: error: expected ';' before '}' token
     if (s & 0x01) { pos1 = 0; dir1 =  1 };  // SW0: Reset LED 1 to rightmost
                                         ^
../src/main_vanilla_test.cpp:124:41: error: expected ';' before '}' token
     if (s & 0x02) { pos2 = 5; dir2 = -1 };  // SW1: Reset LED 2 to leftmost
                                         ^
make: *** [src/main_vanilla_test.o] Error 1
15:38:53 **** Auto Build of configuration Debug for project mmio_ss_test ****
make all 
'Building file: ../src/main_vanilla_test.cpp'
'Invoking: MicroBlaze g++ compiler'
mb-g++ -Wall -O0 -g3 -c -fmessage-length=0 -MT"src/main_vanilla_test.o" -I../../mcs_cpu_bsp/u_cpu_unit_cpu_i_microblaze_mcs_0_microblaze_I/include -mno-xl-reorder -mlittle-endian -mcpu=v10.0 -mxl-soft-mul -Wl,--no-relax -ffunction-sections -fdata-sections -MMD -MP -MF"src/main_vanilla_test.d" -MT"src/main_vanilla_test.o" -o "src/main_vanilla_test.o" "../src/main_vanilla_test.cpp"
../src/main_vanilla_test.cpp: In function 'void collision_led(GpoCore*, GpiCore*)':
../src/main_vanilla_test.cpp:123:41: error: expected ';' before '}' token
     if (s & 0x01) { pos1 = 0; dir1 =  1 };  // SW0: Reset LED 1 to rightmost
                                         ^
../src/main_vanilla_test.cpp:124:41: error: expected ';' before '}' token
     if (s & 0x02) { pos2 = 5; dir2 = -1 };  // SW1: Reset LED 2 to leftmost
                                         ^
../src/main_vanilla_test.cpp: In function 'int main()':
../src/main_vanilla_test.cpp:174:36: error: too many arguments to function 'void collision_led(GpoCore*, GpiCore*)'
          collision_led(&led, &sw, 6);
                                    ^
../src/main_vanilla_test.cpp:111:6: note: declared here
 void collision_led(GpoCore *led_p, GpiCore *sw_p) {
      ^~~~~~~~~~~~~
make: *** [src/main_vanilla_test.o] Error 1
15:38:58 **** Auto Build of configuration Debug for project mmio_ss_test ****
make all 
'Building file: ../src/main_vanilla_test.cpp'
'Invoking: MicroBlaze g++ compiler'
mb-g++ -Wall -O0 -g3 -c -fmessage-length=0 -MT"src/main_vanilla_test.o" -I../../mcs_cpu_bsp/u_cpu_unit_cpu_i_microblaze_mcs_0_microblaze_I/include -mno-xl-reorder -mlittle-endian -mcpu=v10.0 -mxl-soft-mul -Wl,--no-relax -ffunction-sections -fdata-sections -MMD -MP -MF"src/main_vanilla_test.d" -MT"src/main_vanilla_test.o" -o "src/main_vanilla_test.o" "../src/main_vanilla_test.cpp"
../src/main_vanilla_test.cpp: In function 'void collision_led(GpoCore*, GpiCore*)':
../src/main_vanilla_test.cpp:123:41: error: expected ';' before '}' token
     if (s & 0x01) { pos1 = 0; dir1 =  1 };  // SW0: Reset LED 1 to rightmost
                                         ^
../src/main_vanilla_test.cpp:124:41: error: expected ';' before '}' token
     if (s & 0x02) { pos2 = 5; dir2 = -1 };  // SW1: Reset LED 2 to leftmost
                                         ^
make: *** [src/main_vanilla_test.o] Error 1
15:39:04 **** Incremental Build of configuration Debug for project mmio_ss_test ****
make all 
'Building file: ../src/main_vanilla_test.cpp'
'Invoking: MicroBlaze g++ compiler'
mb-g++ -Wall -O0 -g3 -c -fmessage-length=0 -MT"src/main_vanilla_test.o" -I../../mcs_cpu_bsp/u_cpu_unit_cpu_i_microblaze_mcs_0_microblaze_I/include -mno-xl-reorder -mlittle-endian -mcpu=v10.0 -mxl-soft-mul -Wl,--no-relax -ffunction-sections -fdata-sections -MMD -MP -MF"src/main_vanilla_test.d" -MT"src/main_vanilla_test.o" -o "src/main_vanilla_test.o" "../src/main_vanilla_test.cpp"
../src/main_vanilla_test.cpp: In function 'void collision_led(GpoCore*, GpiCore*)':
../src/main_vanilla_test.cpp:123:41: error: expected ';' before '}' token
     if (s & 0x01) { pos1 = 0; dir1 =  1 };  // SW0: Reset LED 1 to rightmost
                                         ^
../src/main_vanilla_test.cpp:124:41: error: expected ';' before '}' token
     if (s & 0x02) { pos2 = 5; dir2 = -1 };  // SW1: Reset LED 2 to leftmost
                                         ^
make: *** [src/main_vanilla_test.o] Error 1
15:40:02 **** Auto Build of configuration Debug for project mmio_ss_test ****
make all 
'Building file: ../src/main_vanilla_test.cpp'
'Invoking: MicroBlaze g++ compiler'
mb-g++ -Wall -O0 -g3 -c -fmessage-length=0 -MT"src/main_vanilla_test.o" -I../../mcs_cpu_bsp/u_cpu_unit_cpu_i_microblaze_mcs_0_microblaze_I/include -mno-xl-reorder -mlittle-endian -mcpu=v10.0 -mxl-soft-mul -Wl,--no-relax -ffunction-sections -fdata-sections -MMD -MP -MF"src/main_vanilla_test.d" -MT"src/main_vanilla_test.o" -o "src/main_vanilla_test.o" "../src/main_vanilla_test.cpp"
'Finished building: ../src/main_vanilla_test.cpp'
' '
'Building target: mmio_ss_test.elf'
'Invoking: MicroBlaze g++ linker'
mb-g++ -Wl,-T -Wl,../src/lscript.ld -L../../mcs_cpu_bsp/u_cpu_unit_cpu_i_microblaze_mcs_0_microblaze_I/lib -mlittle-endian -mcpu=v10.0 -mxl-soft-mul -Wl,--no-relax -Wl,--gc-sections -o "mmio_ss_test.elf"  ./src/TimerCore.o ./src/chu_init.o ./src/gpio_core.o ./src/main_vanilla_test.o ./src/uart_core.o   -Wl,--start-group,-lxil,-lgcc,-lc,-lstdc++,--end-group
'Finished building target: mmio_ss_test.elf'
' '
'Invoking: MicroBlaze Print Size'
mb-size mmio_ss_test.elf  |tee "mmio_ss_test.elf.size"
   text	   data	    bss	    dec	    hex	filename
   9908	    288	   3156	  13352	   3428	mmio_ss_test.elf
'Finished building: mmio_ss_test.elf.size'
' '
15:40:13 **** Incremental Build of configuration Debug for project mmio_ss_test ****
make all 
make: Nothing to be done for `all'.
15:40:39 **** Auto Build of configuration Debug for project mmio_ss_test ****
make all 
'Building file: ../src/main_vanilla_test.cpp'
'Invoking: MicroBlaze g++ compiler'
mb-g++ -Wall -O0 -g3 -c -fmessage-length=0 -MT"src/main_vanilla_test.o" -I../../mcs_cpu_bsp/u_cpu_unit_cpu_i_microblaze_mcs_0_microblaze_I/include -mno-xl-reorder -mlittle-endian -mcpu=v10.0 -mxl-soft-mul -Wl,--no-relax -ffunction-sections -fdata-sections -MMD -MP -MF"src/main_vanilla_test.d" -MT"src/main_vanilla_test.o" -o "src/main_vanilla_test.o" "../src/main_vanilla_test.cpp"
'Finished building: ../src/main_vanilla_test.cpp'
' '
'Building target: mmio_ss_test.elf'
'Invoking: MicroBlaze g++ linker'
mb-g++ -Wl,-T -Wl,../src/lscript.ld -L../../mcs_cpu_bsp/u_cpu_unit_cpu_i_microblaze_mcs_0_microblaze_I/lib -mlittle-endian -mcpu=v10.0 -mxl-soft-mul -Wl,--no-relax -Wl,--gc-sections -o "mmio_ss_test.elf"  ./src/TimerCore.o ./src/chu_init.o ./src/gpio_core.o ./src/main_vanilla_test.o ./src/uart_core.o   -Wl,--start-group,-lxil,-lgcc,-lc,-lstdc++,--end-group
'Finished building target: mmio_ss_test.elf'
' '
'Invoking: MicroBlaze Print Size'
mb-size mmio_ss_test.elf  |tee "mmio_ss_test.elf.size"
   text	   data	    bss	    dec	    hex	filename
   9908	    288	   3156	  13352	   3428	mmio_ss_test.elf
'Finished building: mmio_ss_test.elf.size'
' '
15:40:43 **** Incremental Build of configuration Debug for project mmio_ss_test ****
make all 
make: Nothing to be done for `all'.
15:49:57 **** Auto Build of configuration Debug for project mmio_ss_test ****
make all 
'Building file: ../src/main_vanilla_test.cpp'
'Invoking: MicroBlaze g++ compiler'
mb-g++ -Wall -O0 -g3 -c -fmessage-length=0 -MT"src/main_vanilla_test.o" -I../../mcs_cpu_bsp/u_cpu_unit_cpu_i_microblaze_mcs_0_microblaze_I/include -mno-xl-reorder -mlittle-endian -mcpu=v10.0 -mxl-soft-mul -Wl,--no-relax -ffunction-sections -fdata-sections -MMD -MP -MF"src/main_vanilla_test.d" -MT"src/main_vanilla_test.o" -o "src/main_vanilla_test.o" "../src/main_vanilla_test.cpp"
'Finished building: ../src/main_vanilla_test.cpp'
' '
'Building target: mmio_ss_test.elf'
'Invoking: MicroBlaze g++ linker'
mb-g++ -Wl,-T -Wl,../src/lscript.ld -L../../mcs_cpu_bsp/u_cpu_unit_cpu_i_microblaze_mcs_0_microblaze_I/lib -mlittle-endian -mcpu=v10.0 -mxl-soft-mul -Wl,--no-relax -Wl,--gc-sections -o "mmio_ss_test.elf"  ./src/TimerCore.o ./src/chu_init.o ./src/gpio_core.o ./src/main_vanilla_test.o ./src/uart_core.o   -Wl,--start-group,-lxil,-lgcc,-lc,-lstdc++,--end-group
'Finished building target: mmio_ss_test.elf'
' '
'Invoking: MicroBlaze Print Size'
mb-size mmio_ss_test.elf  |tee "mmio_ss_test.elf.size"
   text	   data	    bss	    dec	    hex	filename
  12196	    284	   3144	  15624	   3d08	mmio_ss_test.elf
'Finished building: mmio_ss_test.elf.size'
' '
15:50:02 **** Incremental Build of configuration Debug for project mmio_ss_test ****
make all 
make: Nothing to be done for `all'.
15:50:27 **** Auto Build of configuration Debug for project mmio_ss_test ****
make all 
'Building file: ../src/main_vanilla_test.cpp'
'Invoking: MicroBlaze g++ compiler'
mb-g++ -Wall -O0 -g3 -c -fmessage-length=0 -MT"src/main_vanilla_test.o" -I../../mcs_cpu_bsp/u_cpu_unit_cpu_i_microblaze_mcs_0_microblaze_I/include -mno-xl-reorder -mlittle-endian -mcpu=v10.0 -mxl-soft-mul -Wl,--no-relax -ffunction-sections -fdata-sections -MMD -MP -MF"src/main_vanilla_test.d" -MT"src/main_vanilla_test.o" -o "src/main_vanilla_test.o" "../src/main_vanilla_test.cpp"
../src/main_vanilla_test.cpp: In function 'int main()':
../src/main_vanilla_test.cpp:180:36: error: too many arguments to function 'void collision_led(GpoCore*, GpiCore*)'
          collision_led(&led, &sw, 6);
                                    ^
../src/main_vanilla_test.cpp:111:6: note: declared here
 void collision_led(GpoCore *led_p, GpiCore *sw_p) {
      ^~~~~~~~~~~~~
make: *** [src/main_vanilla_test.o] Error 1
15:50:31 **** Incremental Build of configuration Debug for project mmio_ss_test ****
make all 
'Building file: ../src/main_vanilla_test.cpp'
'Invoking: MicroBlaze g++ compiler'
mb-g++ -Wall -O0 -g3 -c -fmessage-length=0 -MT"src/main_vanilla_test.o" -I../../mcs_cpu_bsp/u_cpu_unit_cpu_i_microblaze_mcs_0_microblaze_I/include -mno-xl-reorder -mlittle-endian -mcpu=v10.0 -mxl-soft-mul -Wl,--no-relax -ffunction-sections -fdata-sections -MMD -MP -MF"src/main_vanilla_test.d" -MT"src/main_vanilla_test.o" -o "src/main_vanilla_test.o" "../src/main_vanilla_test.cpp"
../src/main_vanilla_test.cpp: In function 'int main()':
../src/main_vanilla_test.cpp:180:36: error: too many arguments to function 'void collision_led(GpoCore*, GpiCore*)'
          collision_led(&led, &sw, 6);
                                    ^
../src/main_vanilla_test.cpp:111:6: note: declared here
 void collision_led(GpoCore *led_p, GpiCore *sw_p) {
      ^~~~~~~~~~~~~
make: *** [src/main_vanilla_test.o] Error 1
15:50:43 **** Auto Build of configuration Debug for project mmio_ss_test ****
make all 
'Building file: ../src/main_vanilla_test.cpp'
'Invoking: MicroBlaze g++ compiler'
mb-g++ -Wall -O0 -g3 -c -fmessage-length=0 -MT"src/main_vanilla_test.o" -I../../mcs_cpu_bsp/u_cpu_unit_cpu_i_microblaze_mcs_0_microblaze_I/include -mno-xl-reorder -mlittle-endian -mcpu=v10.0 -mxl-soft-mul -Wl,--no-relax -ffunction-sections -fdata-sections -MMD -MP -MF"src/main_vanilla_test.d" -MT"src/main_vanilla_test.o" -o "src/main_vanilla_test.o" "../src/main_vanilla_test.cpp"
'Finished building: ../src/main_vanilla_test.cpp'
' '
'Building target: mmio_ss_test.elf'
'Invoking: MicroBlaze g++ linker'
mb-g++ -Wl,-T -Wl,../src/lscript.ld -L../../mcs_cpu_bsp/u_cpu_unit_cpu_i_microblaze_mcs_0_microblaze_I/lib -mlittle-endian -mcpu=v10.0 -mxl-soft-mul -Wl,--no-relax -Wl,--gc-sections -o "mmio_ss_test.elf"  ./src/TimerCore.o ./src/chu_init.o ./src/gpio_core.o ./src/main_vanilla_test.o ./src/uart_core.o   -Wl,--start-group,-lxil,-lgcc,-lc,-lstdc++,--end-group
'Finished building target: mmio_ss_test.elf'
' '
'Invoking: MicroBlaze Print Size'
mb-size mmio_ss_test.elf  |tee "mmio_ss_test.elf.size"
   text	   data	    bss	    dec	    hex	filename
   9852	    288	   3156	  13296	   33f0	mmio_ss_test.elf
'Finished building: mmio_ss_test.elf.size'
' '
15:50:47 **** Incremental Build of configuration Debug for project mmio_ss_test ****
make all 
make: Nothing to be done for `all'.
15:51:41 **** Incremental Build of configuration Debug for project mmio_ss_test ****
make all 
make: Nothing to be done for `all'.
16:02:21 **** Auto Build of configuration Debug for project mmio_ss_test ****
make all 
'Building file: ../src/main_vanilla_test.cpp'
'Invoking: MicroBlaze g++ compiler'
mb-g++ -Wall -O0 -g3 -c -fmessage-length=0 -MT"src/main_vanilla_test.o" -I../../mcs_cpu_bsp/u_cpu_unit_cpu_i_microblaze_mcs_0_microblaze_I/include -mno-xl-reorder -mlittle-endian -mcpu=v10.0 -mxl-soft-mul -Wl,--no-relax -ffunction-sections -fdata-sections -MMD -MP -MF"src/main_vanilla_test.d" -MT"src/main_vanilla_test.o" -o "src/main_vanilla_test.o" "../src/main_vanilla_test.cpp"
'Finished building: ../src/main_vanilla_test.cpp'
' '
'Building target: mmio_ss_test.elf'
'Invoking: MicroBlaze g++ linker'
mb-g++ -Wl,-T -Wl,../src/lscript.ld -L../../mcs_cpu_bsp/u_cpu_unit_cpu_i_microblaze_mcs_0_microblaze_I/lib -mlittle-endian -mcpu=v10.0 -mxl-soft-mul -Wl,--no-relax -Wl,--gc-sections -o "mmio_ss_test.elf"  ./src/TimerCore.o ./src/chu_init.o ./src/gpio_core.o ./src/main_vanilla_test.o ./src/uart_core.o   -Wl,--start-group,-lxil,-lgcc,-lc,-lstdc++,--end-group
'Finished building target: mmio_ss_test.elf'
' '
'Invoking: MicroBlaze Print Size'
mb-size mmio_ss_test.elf  |tee "mmio_ss_test.elf.size"
   text	   data	    bss	    dec	    hex	filename
  30480	   1328	   3240	  35048	   88e8	mmio_ss_test.elf
'Finished building: mmio_ss_test.elf.size'
' '
16:02:24 **** Auto Build of configuration Debug for project mmio_ss_test ****
make all 
'Building file: ../src/main_vanilla_test.cpp'
'Invoking: MicroBlaze g++ compiler'
mb-g++ -Wall -O0 -g3 -c -fmessage-length=0 -MT"src/main_vanilla_test.o" -I../../mcs_cpu_bsp/u_cpu_unit_cpu_i_microblaze_mcs_0_microblaze_I/include -mno-xl-reorder -mlittle-endian -mcpu=v10.0 -mxl-soft-mul -Wl,--no-relax -ffunction-sections -fdata-sections -MMD -MP -MF"src/main_vanilla_test.d" -MT"src/main_vanilla_test.o" -o "src/main_vanilla_test.o" "../src/main_vanilla_test.cpp"
'Finished building: ../src/main_vanilla_test.cpp'
' '
'Building target: mmio_ss_test.elf'
'Invoking: MicroBlaze g++ linker'
mb-g++ -Wl,-T -Wl,../src/lscript.ld -L../../mcs_cpu_bsp/u_cpu_unit_cpu_i_microblaze_mcs_0_microblaze_I/lib -mlittle-endian -mcpu=v10.0 -mxl-soft-mul -Wl,--no-relax -Wl,--gc-sections -o "mmio_ss_test.elf"  ./src/TimerCore.o ./src/chu_init.o ./src/gpio_core.o ./src/main_vanilla_test.o ./src/uart_core.o   -Wl,--start-group,-lxil,-lgcc,-lc,-lstdc++,--end-group
c:/xilinx/sdk/2018.2/gnu/microblaze/nt/bin/../lib/gcc/microblaze-xilinx-elf/7.2.0/../../../../microblaze-xilinx-elf/bin/ld.exe: mmio_ss_test.elf section `.text' will not fit in region `u_cpu_unit_cpu_i_microblaze_mcs_0_ilmb_cntlr_Mem_u_cpu_unit_cpu_i_microblaze_mcs_0_dlmb_cntlr_Mem'
c:/xilinx/sdk/2018.2/gnu/microblaze/nt/bin/../lib/gcc/microblaze-xilinx-elf/7.2.0/../../../../microblaze-xilinx-elf/bin/ld.exe: region `u_cpu_unit_cpu_i_microblaze_mcs_0_ilmb_cntlr_Mem_u_cpu_unit_cpu_i_microblaze_mcs_0_dlmb_cntlr_Mem' overflowed by 36184 bytes
collect2.exe: error: ld returned 1 exit status
make: *** [mmio_ss_test.elf] Error 1
16:02:29 **** Auto Build of configuration Debug for project mmio_ss_test ****
make all 
'Building file: ../src/main_vanilla_test.cpp'
'Invoking: MicroBlaze g++ compiler'
mb-g++ -Wall -O0 -g3 -c -fmessage-length=0 -MT"src/main_vanilla_test.o" -I../../mcs_cpu_bsp/u_cpu_unit_cpu_i_microblaze_mcs_0_microblaze_I/include -mno-xl-reorder -mlittle-endian -mcpu=v10.0 -mxl-soft-mul -Wl,--no-relax -ffunction-sections -fdata-sections -MMD -MP -MF"src/main_vanilla_test.d" -MT"src/main_vanilla_test.o" -o "src/main_vanilla_test.o" "../src/main_vanilla_test.cpp"
'Finished building: ../src/main_vanilla_test.cpp'
' '
'Building target: mmio_ss_test.elf'
'Invoking: MicroBlaze g++ linker'
mb-g++ -Wl,-T -Wl,../src/lscript.ld -L../../mcs_cpu_bsp/u_cpu_unit_cpu_i_microblaze_mcs_0_microblaze_I/lib -mlittle-endian -mcpu=v10.0 -mxl-soft-mul -Wl,--no-relax -Wl,--gc-sections -o "mmio_ss_test.elf"  ./src/TimerCore.o ./src/chu_init.o ./src/gpio_core.o ./src/main_vanilla_test.o ./src/uart_core.o   -Wl,--start-group,-lxil,-lgcc,-lc,-lstdc++,--end-group
c:/xilinx/sdk/2018.2/gnu/microblaze/nt/bin/../lib/gcc/microblaze-xilinx-elf/7.2.0/../../../../microblaze-xilinx-elf/bin/ld.exe: mmio_ss_test.elf section `.text' will not fit in region `u_cpu_unit_cpu_i_microblaze_mcs_0_ilmb_cntlr_Mem_u_cpu_unit_cpu_i_microblaze_mcs_0_dlmb_cntlr_Mem'
c:/xilinx/sdk/2018.2/gnu/microblaze/nt/bin/../lib/gcc/microblaze-xilinx-elf/7.2.0/../../../../microblaze-xilinx-elf/bin/ld.exe: region `u_cpu_unit_cpu_i_microblaze_mcs_0_ilmb_cntlr_Mem_u_cpu_unit_cpu_i_microblaze_mcs_0_dlmb_cntlr_Mem' overflowed by 34096 bytes
collect2.exe: error: ld returned 1 exit status
make: *** [mmio_ss_test.elf] Error 1
16:02:33 **** Incremental Build of configuration Debug for project mmio_ss_test ****
make all 
'Building target: mmio_ss_test.elf'
'Invoking: MicroBlaze g++ linker'
mb-g++ -Wl,-T -Wl,../src/lscript.ld -L../../mcs_cpu_bsp/u_cpu_unit_cpu_i_microblaze_mcs_0_microblaze_I/lib -mlittle-endian -mcpu=v10.0 -mxl-soft-mul -Wl,--no-relax -Wl,--gc-sections -o "mmio_ss_test.elf"  ./src/TimerCore.o ./src/chu_init.o ./src/gpio_core.o ./src/main_vanilla_test.o ./src/uart_core.o   -Wl,--start-group,-lxil,-lgcc,-lc,-lstdc++,--end-group
c:/xilinx/sdk/2018.2/gnu/microblaze/nt/bin/../lib/gcc/microblaze-xilinx-elf/7.2.0/../../../../microblaze-xilinx-elf/bin/ld.exe: mmio_ss_test.elf section `.text' will not fit in region `u_cpu_unit_cpu_i_microblaze_mcs_0_ilmb_cntlr_Mem_u_cpu_unit_cpu_i_microblaze_mcs_0_dlmb_cntlr_Mem'
c:/xilinx/sdk/2018.2/gnu/microblaze/nt/bin/../lib/gcc/microblaze-xilinx-elf/7.2.0/../../../../microblaze-xilinx-elf/bin/ld.exe: region `u_cpu_unit_cpu_i_microblaze_mcs_0_ilmb_cntlr_Mem_u_cpu_unit_cpu_i_microblaze_mcs_0_dlmb_cntlr_Mem' overflowed by 34096 bytes
collect2.exe: error: ld returned 1 exit status
make: *** [mmio_ss_test.elf] Error 1
16:02:55 **** Incremental Build of configuration Debug for project mmio_ss_test ****
make all 
'Building target: mmio_ss_test.elf'
'Invoking: MicroBlaze g++ linker'
mb-g++ -Wl,-T -Wl,../src/lscript.ld -L../../mcs_cpu_bsp/u_cpu_unit_cpu_i_microblaze_mcs_0_microblaze_I/lib -mlittle-endian -mcpu=v10.0 -mxl-soft-mul -Wl,--no-relax -Wl,--gc-sections -o "mmio_ss_test.elf"  ./src/TimerCore.o ./src/chu_init.o ./src/gpio_core.o ./src/main_vanilla_test.o ./src/uart_core.o   -Wl,--start-group,-lxil,-lgcc,-lc,-lstdc++,--end-group
c:/xilinx/sdk/2018.2/gnu/microblaze/nt/bin/../lib/gcc/microblaze-xilinx-elf/7.2.0/../../../../microblaze-xilinx-elf/bin/ld.exe: mmio_ss_test.elf section `.text' will not fit in region `u_cpu_unit_cpu_i_microblaze_mcs_0_ilmb_cntlr_Mem_u_cpu_unit_cpu_i_microblaze_mcs_0_dlmb_cntlr_Mem'
c:/xilinx/sdk/2018.2/gnu/microblaze/nt/bin/../lib/gcc/microblaze-xilinx-elf/7.2.0/../../../../microblaze-xilinx-elf/bin/ld.exe: region `u_cpu_unit_cpu_i_microblaze_mcs_0_ilmb_cntlr_Mem_u_cpu_unit_cpu_i_microblaze_mcs_0_dlmb_cntlr_Mem' overflowed by 34096 bytes
collect2.exe: error: ld returned 1 exit status
make: *** [mmio_ss_test.elf] Error 1
16:04:06 **** Incremental Build of configuration Debug for project mmio_ss_test ****
make all 
'Building target: mmio_ss_test.elf'
'Invoking: MicroBlaze g++ linker'
mb-g++ -Wl,-T -Wl,../src/lscript.ld -L../../mcs_cpu_bsp/u_cpu_unit_cpu_i_microblaze_mcs_0_microblaze_I/lib -mlittle-endian -mcpu=v10.0 -mxl-soft-mul -Wl,--no-relax -Wl,--gc-sections -o "mmio_ss_test.elf"  ./src/TimerCore.o ./src/chu_init.o ./src/gpio_core.o ./src/main_vanilla_test.o ./src/uart_core.o   -Wl,--start-group,-lxil,-lgcc,-lc,-lstdc++,--end-group
c:/xilinx/sdk/2018.2/gnu/microblaze/nt/bin/../lib/gcc/microblaze-xilinx-elf/7.2.0/../../../../microblaze-xilinx-elf/bin/ld.exe: mmio_ss_test.elf section `.text' will not fit in region `u_cpu_unit_cpu_i_microblaze_mcs_0_ilmb_cntlr_Mem_u_cpu_unit_cpu_i_microblaze_mcs_0_dlmb_cntlr_Mem'
c:/xilinx/sdk/2018.2/gnu/microblaze/nt/bin/../lib/gcc/microblaze-xilinx-elf/7.2.0/../../../../microblaze-xilinx-elf/bin/ld.exe: region `u_cpu_unit_cpu_i_microblaze_mcs_0_ilmb_cntlr_Mem_u_cpu_unit_cpu_i_microblaze_mcs_0_dlmb_cntlr_Mem' overflowed by 34096 bytes
collect2.exe: error: ld returned 1 exit status
make: *** [mmio_ss_test.elf] Error 1
16:04:57 **** Incremental Build of configuration Debug for project mmio_ss_test ****
make all 
'Building target: mmio_ss_test.elf'
'Invoking: MicroBlaze g++ linker'
mb-g++ -Wl,-T -Wl,../src/lscript.ld -L../../mcs_cpu_bsp/u_cpu_unit_cpu_i_microblaze_mcs_0_microblaze_I/lib -mlittle-endian -mcpu=v10.0 -mxl-soft-mul -Wl,--no-relax -Wl,--gc-sections -o "mmio_ss_test.elf"  ./src/TimerCore.o ./src/chu_init.o ./src/gpio_core.o ./src/main_vanilla_test.o ./src/uart_core.o   -Wl,--start-group,-lxil,-lgcc,-lc,-lstdc++,--end-group
c:/xilinx/sdk/2018.2/gnu/microblaze/nt/bin/../lib/gcc/microblaze-xilinx-elf/7.2.0/../../../../microblaze-xilinx-elf/bin/ld.exe: mmio_ss_test.elf section `.text' will not fit in region `u_cpu_unit_cpu_i_microblaze_mcs_0_ilmb_cntlr_Mem_u_cpu_unit_cpu_i_microblaze_mcs_0_dlmb_cntlr_Mem'
c:/xilinx/sdk/2018.2/gnu/microblaze/nt/bin/../lib/gcc/microblaze-xilinx-elf/7.2.0/../../../../microblaze-xilinx-elf/bin/ld.exe: region `u_cpu_unit_cpu_i_microblaze_mcs_0_ilmb_cntlr_Mem_u_cpu_unit_cpu_i_microblaze_mcs_0_dlmb_cntlr_Mem' overflowed by 34096 bytes
collect2.exe: error: ld returned 1 exit status
make: *** [mmio_ss_test.elf] Error 1
16:05:41 **** Auto Build of configuration Debug for project mmio_ss_test ****
make all 
'Building file: ../src/main_vanilla_test.cpp'
'Invoking: MicroBlaze g++ compiler'
mb-g++ -Wall -O0 -g3 -c -fmessage-length=0 -MT"src/main_vanilla_test.o" -I../../mcs_cpu_bsp/u_cpu_unit_cpu_i_microblaze_mcs_0_microblaze_I/include -mno-xl-reorder -mlittle-endian -mcpu=v10.0 -mxl-soft-mul -Wl,--no-relax -ffunction-sections -fdata-sections -MMD -MP -MF"src/main_vanilla_test.d" -MT"src/main_vanilla_test.o" -o "src/main_vanilla_test.o" "../src/main_vanilla_test.cpp"
'Finished building: ../src/main_vanilla_test.cpp'
' '
'Building target: mmio_ss_test.elf'
'Invoking: MicroBlaze g++ linker'
mb-g++ -Wl,-T -Wl,../src/lscript.ld -L../../mcs_cpu_bsp/u_cpu_unit_cpu_i_microblaze_mcs_0_microblaze_I/lib -mlittle-endian -mcpu=v10.0 -mxl-soft-mul -Wl,--no-relax -Wl,--gc-sections -o "mmio_ss_test.elf"  ./src/TimerCore.o ./src/chu_init.o ./src/gpio_core.o ./src/main_vanilla_test.o ./src/uart_core.o   -Wl,--start-group,-lxil,-lgcc,-lc,-lstdc++,--end-group
c:/xilinx/sdk/2018.2/gnu/microblaze/nt/bin/../lib/gcc/microblaze-xilinx-elf/7.2.0/../../../../microblaze-xilinx-elf/bin/ld.exe: mmio_ss_test.elf section `.text' will not fit in region `u_cpu_unit_cpu_i_microblaze_mcs_0_ilmb_cntlr_Mem_u_cpu_unit_cpu_i_microblaze_mcs_0_dlmb_cntlr_Mem'
c:/xilinx/sdk/2018.2/gnu/microblaze/nt/bin/../lib/gcc/microblaze-xilinx-elf/7.2.0/../../../../microblaze-xilinx-elf/bin/ld.exe: region `u_cpu_unit_cpu_i_microblaze_mcs_0_ilmb_cntlr_Mem_u_cpu_unit_cpu_i_microblaze_mcs_0_dlmb_cntlr_Mem' overflowed by 33952 bytes
collect2.exe: error: ld returned 1 exit status
make: *** [mmio_ss_test.elf] Error 1
16:05:46 **** Incremental Build of configuration Debug for project mmio_ss_test ****
make all 
'Building target: mmio_ss_test.elf'
'Invoking: MicroBlaze g++ linker'
mb-g++ -Wl,-T -Wl,../src/lscript.ld -L../../mcs_cpu_bsp/u_cpu_unit_cpu_i_microblaze_mcs_0_microblaze_I/lib -mlittle-endian -mcpu=v10.0 -mxl-soft-mul -Wl,--no-relax -Wl,--gc-sections -o "mmio_ss_test.elf"  ./src/TimerCore.o ./src/chu_init.o ./src/gpio_core.o ./src/main_vanilla_test.o ./src/uart_core.o   -Wl,--start-group,-lxil,-lgcc,-lc,-lstdc++,--end-group
c:/xilinx/sdk/2018.2/gnu/microblaze/nt/bin/../lib/gcc/microblaze-xilinx-elf/7.2.0/../../../../microblaze-xilinx-elf/bin/ld.exe: mmio_ss_test.elf section `.text' will not fit in region `u_cpu_unit_cpu_i_microblaze_mcs_0_ilmb_cntlr_Mem_u_cpu_unit_cpu_i_microblaze_mcs_0_dlmb_cntlr_Mem'
c:/xilinx/sdk/2018.2/gnu/microblaze/nt/bin/../lib/gcc/microblaze-xilinx-elf/7.2.0/../../../../microblaze-xilinx-elf/bin/ld.exe: region `u_cpu_unit_cpu_i_microblaze_mcs_0_ilmb_cntlr_Mem_u_cpu_unit_cpu_i_microblaze_mcs_0_dlmb_cntlr_Mem' overflowed by 33952 bytes
collect2.exe: error: ld returned 1 exit status
make: *** [mmio_ss_test.elf] Error 1
16:07:41 **** Incremental Build of configuration Debug for project mmio_ss_test ****
make all 
'Building target: mmio_ss_test.elf'
'Invoking: MicroBlaze g++ linker'
mb-g++ -Wl,-T -Wl,../src/lscript.ld -L../../mcs_cpu_bsp/u_cpu_unit_cpu_i_microblaze_mcs_0_microblaze_I/lib -mlittle-endian -mcpu=v10.0 -mxl-soft-mul -Wl,--no-relax -Wl,--gc-sections -o "mmio_ss_test.elf"  ./src/TimerCore.o ./src/chu_init.o ./src/gpio_core.o ./src/main_vanilla_test.o ./src/uart_core.o   -Wl,--start-group,-lxil,-lgcc,-lc,-lstdc++,--end-group
c:/xilinx/sdk/2018.2/gnu/microblaze/nt/bin/../lib/gcc/microblaze-xilinx-elf/7.2.0/../../../../microblaze-xilinx-elf/bin/ld.exe: mmio_ss_test.elf section `.text' will not fit in region `u_cpu_unit_cpu_i_microblaze_mcs_0_ilmb_cntlr_Mem_u_cpu_unit_cpu_i_microblaze_mcs_0_dlmb_cntlr_Mem'
c:/xilinx/sdk/2018.2/gnu/microblaze/nt/bin/../lib/gcc/microblaze-xilinx-elf/7.2.0/../../../../microblaze-xilinx-elf/bin/ld.exe: region `u_cpu_unit_cpu_i_microblaze_mcs_0_ilmb_cntlr_Mem_u_cpu_unit_cpu_i_microblaze_mcs_0_dlmb_cntlr_Mem' overflowed by 33952 bytes
collect2.exe: error: ld returned 1 exit status
make: *** [mmio_ss_test.elf] Error 1
16:08:48 **** Auto Build of configuration Debug for project mmio_ss_test ****
make all 
'Building file: ../src/main_vanilla_test.cpp'
'Invoking: MicroBlaze g++ compiler'
mb-g++ -Wall -O0 -g3 -c -fmessage-length=0 -MT"src/main_vanilla_test.o" -I../../mcs_cpu_bsp/u_cpu_unit_cpu_i_microblaze_mcs_0_microblaze_I/include -mno-xl-reorder -mlittle-endian -mcpu=v10.0 -mxl-soft-mul -Wl,--no-relax -ffunction-sections -fdata-sections -MMD -MP -MF"src/main_vanilla_test.d" -MT"src/main_vanilla_test.o" -o "src/main_vanilla_test.o" "../src/main_vanilla_test.cpp"
'Finished building: ../src/main_vanilla_test.cpp'
' '
'Building target: mmio_ss_test.elf'
'Invoking: MicroBlaze g++ linker'
mb-g++ -Wl,-T -Wl,../src/lscript.ld -L../../mcs_cpu_bsp/u_cpu_unit_cpu_i_microblaze_mcs_0_microblaze_I/lib -mlittle-endian -mcpu=v10.0 -mxl-soft-mul -Wl,--no-relax -Wl,--gc-sections -o "mmio_ss_test.elf"  ./src/TimerCore.o ./src/chu_init.o ./src/gpio_core.o ./src/main_vanilla_test.o ./src/uart_core.o   -Wl,--start-group,-lxil,-lgcc,-lc,-lstdc++,--end-group
'Finished building target: mmio_ss_test.elf'
' '
'Invoking: MicroBlaze Print Size'
mb-size mmio_ss_test.elf  |tee "mmio_ss_test.elf.size"
   text	   data	    bss	    dec	    hex	filename
  30480	   1328	   3240	  35048	   88e8	mmio_ss_test.elf
'Finished building: mmio_ss_test.elf.size'
' '
16:08:53 **** Incremental Build of configuration Debug for project mmio_ss_test ****
make all 
make: Nothing to be done for `all'.
16:09:10 **** Auto Build of configuration Debug for project mmio_ss_test ****
make all 
'Building file: ../src/main_vanilla_test.cpp'
'Invoking: MicroBlaze g++ compiler'
mb-g++ -Wall -O0 -g3 -c -fmessage-length=0 -MT"src/main_vanilla_test.o" -I../../mcs_cpu_bsp/u_cpu_unit_cpu_i_microblaze_mcs_0_microblaze_I/include -mno-xl-reorder -mlittle-endian -mcpu=v10.0 -mxl-soft-mul -Wl,--no-relax -ffunction-sections -fdata-sections -MMD -MP -MF"src/main_vanilla_test.d" -MT"src/main_vanilla_test.o" -o "src/main_vanilla_test.o" "../src/main_vanilla_test.cpp"
'Finished building: ../src/main_vanilla_test.cpp'
' '
'Building target: mmio_ss_test.elf'
'Invoking: MicroBlaze g++ linker'
mb-g++ -Wl,-T -Wl,../src/lscript.ld -L../../mcs_cpu_bsp/u_cpu_unit_cpu_i_microblaze_mcs_0_microblaze_I/lib -mlittle-endian -mcpu=v10.0 -mxl-soft-mul -Wl,--no-relax -Wl,--gc-sections -o "mmio_ss_test.elf"  ./src/TimerCore.o ./src/chu_init.o ./src/gpio_core.o ./src/main_vanilla_test.o ./src/uart_core.o   -Wl,--start-group,-lxil,-lgcc,-lc,-lstdc++,--end-group
'Finished building target: mmio_ss_test.elf'
' '
'Invoking: MicroBlaze Print Size'
mb-size mmio_ss_test.elf  |tee "mmio_ss_test.elf.size"
   text	   data	    bss	    dec	    hex	filename
  29460	   1332	   3232	  34024	   84e8	mmio_ss_test.elf
'Finished building: mmio_ss_test.elf.size'
' '
16:09:16 **** Incremental Build of configuration Debug for project mmio_ss_test ****
make all 
make: Nothing to be done for `all'.
16:09:30 **** Auto Build of configuration Debug for project mmio_ss_test ****
make all 
'Building file: ../src/main_vanilla_test.cpp'
'Invoking: MicroBlaze g++ compiler'
mb-g++ -Wall -O0 -g3 -c -fmessage-length=0 -MT"src/main_vanilla_test.o" -I../../mcs_cpu_bsp/u_cpu_unit_cpu_i_microblaze_mcs_0_microblaze_I/include -mno-xl-reorder -mlittle-endian -mcpu=v10.0 -mxl-soft-mul -Wl,--no-relax -ffunction-sections -fdata-sections -MMD -MP -MF"src/main_vanilla_test.d" -MT"src/main_vanilla_test.o" -o "src/main_vanilla_test.o" "../src/main_vanilla_test.cpp"
'Finished building: ../src/main_vanilla_test.cpp'
' '
'Building target: mmio_ss_test.elf'
'Invoking: MicroBlaze g++ linker'
mb-g++ -Wl,-T -Wl,../src/lscript.ld -L../../mcs_cpu_bsp/u_cpu_unit_cpu_i_microblaze_mcs_0_microblaze_I/lib -mlittle-endian -mcpu=v10.0 -mxl-soft-mul -Wl,--no-relax -Wl,--gc-sections -o "mmio_ss_test.elf"  ./src/TimerCore.o ./src/chu_init.o ./src/gpio_core.o ./src/main_vanilla_test.o ./src/uart_core.o   -Wl,--start-group,-lxil,-lgcc,-lc,-lstdc++,--end-group
c:/xilinx/sdk/2018.2/gnu/microblaze/nt/bin/../lib/gcc/microblaze-xilinx-elf/7.2.0/../../../../microblaze-xilinx-elf/bin/ld.exe: mmio_ss_test.elf section `.text' will not fit in region `u_cpu_unit_cpu_i_microblaze_mcs_0_ilmb_cntlr_Mem_u_cpu_unit_cpu_i_microblaze_mcs_0_dlmb_cntlr_Mem'
c:/xilinx/sdk/2018.2/gnu/microblaze/nt/bin/../lib/gcc/microblaze-xilinx-elf/7.2.0/../../../../microblaze-xilinx-elf/bin/ld.exe: region `u_cpu_unit_cpu_i_microblaze_mcs_0_ilmb_cntlr_Mem_u_cpu_unit_cpu_i_microblaze_mcs_0_dlmb_cntlr_Mem' overflowed by 34096 bytes
collect2.exe: error: ld returned 1 exit status
make: *** [mmio_ss_test.elf] Error 1
16:09:35 **** Incremental Build of configuration Debug for project mmio_ss_test ****
make all 
'Building target: mmio_ss_test.elf'
'Invoking: MicroBlaze g++ linker'
mb-g++ -Wl,-T -Wl,../src/lscript.ld -L../../mcs_cpu_bsp/u_cpu_unit_cpu_i_microblaze_mcs_0_microblaze_I/lib -mlittle-endian -mcpu=v10.0 -mxl-soft-mul -Wl,--no-relax -Wl,--gc-sections -o "mmio_ss_test.elf"  ./src/TimerCore.o ./src/chu_init.o ./src/gpio_core.o ./src/main_vanilla_test.o ./src/uart_core.o   -Wl,--start-group,-lxil,-lgcc,-lc,-lstdc++,--end-group
c:/xilinx/sdk/2018.2/gnu/microblaze/nt/bin/../lib/gcc/microblaze-xilinx-elf/7.2.0/../../../../microblaze-xilinx-elf/bin/ld.exe: mmio_ss_test.elf section `.text' will not fit in region `u_cpu_unit_cpu_i_microblaze_mcs_0_ilmb_cntlr_Mem_u_cpu_unit_cpu_i_microblaze_mcs_0_dlmb_cntlr_Mem'
c:/xilinx/sdk/2018.2/gnu/microblaze/nt/bin/../lib/gcc/microblaze-xilinx-elf/7.2.0/../../../../microblaze-xilinx-elf/bin/ld.exe: region `u_cpu_unit_cpu_i_microblaze_mcs_0_ilmb_cntlr_Mem_u_cpu_unit_cpu_i_microblaze_mcs_0_dlmb_cntlr_Mem' overflowed by 34096 bytes
collect2.exe: error: ld returned 1 exit status
make: *** [mmio_ss_test.elf] Error 1
16:12:58 **** Auto Build of configuration Debug for project mmio_ss_test ****
make all 
'Building file: ../src/main_vanilla_test.cpp'
'Invoking: MicroBlaze g++ compiler'
mb-g++ -Wall -O0 -g3 -c -fmessage-length=0 -MT"src/main_vanilla_test.o" -I../../mcs_cpu_bsp/u_cpu_unit_cpu_i_microblaze_mcs_0_microblaze_I/include -mno-xl-reorder -mlittle-endian -mcpu=v10.0 -mxl-soft-mul -Wl,--no-relax -ffunction-sections -fdata-sections -MMD -MP -MF"src/main_vanilla_test.d" -MT"src/main_vanilla_test.o" -o "src/main_vanilla_test.o" "../src/main_vanilla_test.cpp"
'Finished building: ../src/main_vanilla_test.cpp'
' '
'Building target: mmio_ss_test.elf'
'Invoking: MicroBlaze g++ linker'
mb-g++ -Wl,-T -Wl,../src/lscript.ld -L../../mcs_cpu_bsp/u_cpu_unit_cpu_i_microblaze_mcs_0_microblaze_I/lib -mlittle-endian -mcpu=v10.0 -mxl-soft-mul -Wl,--no-relax -Wl,--gc-sections -o "mmio_ss_test.elf"  ./src/TimerCore.o ./src/chu_init.o ./src/gpio_core.o ./src/main_vanilla_test.o ./src/uart_core.o   -Wl,--start-group,-lxil,-lgcc,-lc,-lstdc++,--end-group
'Finished building target: mmio_ss_test.elf'
' '
'Invoking: MicroBlaze Print Size'
mb-size mmio_ss_test.elf  |tee "mmio_ss_test.elf.size"
   text	   data	    bss	    dec	    hex	filename
  10512	    284	   3148	  13944	   3678	mmio_ss_test.elf
'Finished building: mmio_ss_test.elf.size'
' '
16:13:03 **** Incremental Build of configuration Debug for project mmio_ss_test ****
make all 
make: Nothing to be done for `all'.
16:14:07 **** Auto Build of configuration Debug for project mmio_ss_test ****
make all 
'Building file: ../src/main_vanilla_test.cpp'
'Invoking: MicroBlaze g++ compiler'
mb-g++ -Wall -O0 -g3 -c -fmessage-length=0 -MT"src/main_vanilla_test.o" -I../../mcs_cpu_bsp/u_cpu_unit_cpu_i_microblaze_mcs_0_microblaze_I/include -mno-xl-reorder -mlittle-endian -mcpu=v10.0 -mxl-soft-mul -Wl,--no-relax -ffunction-sections -fdata-sections -MMD -MP -MF"src/main_vanilla_test.d" -MT"src/main_vanilla_test.o" -o "src/main_vanilla_test.o" "../src/main_vanilla_test.cpp"
'Finished building: ../src/main_vanilla_test.cpp'
' '
'Building target: mmio_ss_test.elf'
'Invoking: MicroBlaze g++ linker'
mb-g++ -Wl,-T -Wl,../src/lscript.ld -L../../mcs_cpu_bsp/u_cpu_unit_cpu_i_microblaze_mcs_0_microblaze_I/lib -mlittle-endian -mcpu=v10.0 -mxl-soft-mul -Wl,--no-relax -Wl,--gc-sections -o "mmio_ss_test.elf"  ./src/TimerCore.o ./src/chu_init.o ./src/gpio_core.o ./src/main_vanilla_test.o ./src/uart_core.o   -Wl,--start-group,-lxil,-lgcc,-lc,-lstdc++,--end-group
'Finished building target: mmio_ss_test.elf'
' '
'Invoking: MicroBlaze Print Size'
mb-size mmio_ss_test.elf  |tee "mmio_ss_test.elf.size"
   text	   data	    bss	    dec	    hex	filename
  10516	    284	   3152	  13952	   3680	mmio_ss_test.elf
'Finished building: mmio_ss_test.elf.size'
' '
16:14:14 **** Incremental Build of configuration Debug for project mmio_ss_test ****
make all 
make: Nothing to be done for `all'.
16:14:34 **** Auto Build of configuration Debug for project mmio_ss_test ****
make all 
'Building file: ../src/main_vanilla_test.cpp'
'Invoking: MicroBlaze g++ compiler'
mb-g++ -Wall -O0 -g3 -c -fmessage-length=0 -MT"src/main_vanilla_test.o" -I../../mcs_cpu_bsp/u_cpu_unit_cpu_i_microblaze_mcs_0_microblaze_I/include -mno-xl-reorder -mlittle-endian -mcpu=v10.0 -mxl-soft-mul -Wl,--no-relax -ffunction-sections -fdata-sections -MMD -MP -MF"src/main_vanilla_test.d" -MT"src/main_vanilla_test.o" -o "src/main_vanilla_test.o" "../src/main_vanilla_test.cpp"
'Finished building: ../src/main_vanilla_test.cpp'
' '
'Building target: mmio_ss_test.elf'
'Invoking: MicroBlaze g++ linker'
mb-g++ -Wl,-T -Wl,../src/lscript.ld -L../../mcs_cpu_bsp/u_cpu_unit_cpu_i_microblaze_mcs_0_microblaze_I/lib -mlittle-endian -mcpu=v10.0 -mxl-soft-mul -Wl,--no-relax -Wl,--gc-sections -o "mmio_ss_test.elf"  ./src/TimerCore.o ./src/chu_init.o ./src/gpio_core.o ./src/main_vanilla_test.o ./src/uart_core.o   -Wl,--start-group,-lxil,-lgcc,-lc,-lstdc++,--end-group
'Finished building target: mmio_ss_test.elf'
' '
'Invoking: MicroBlaze Print Size'
mb-size mmio_ss_test.elf  |tee "mmio_ss_test.elf.size"
   text	   data	    bss	    dec	    hex	filename
  10512	    284	   3148	  13944	   3678	mmio_ss_test.elf
'Finished building: mmio_ss_test.elf.size'
' '
16:14:59 **** Auto Build of configuration Debug for project mmio_ss_test ****
make all 
'Building file: ../src/main_vanilla_test.cpp'
'Invoking: MicroBlaze g++ compiler'
mb-g++ -Wall -O0 -g3 -c -fmessage-length=0 -MT"src/main_vanilla_test.o" -I../../mcs_cpu_bsp/u_cpu_unit_cpu_i_microblaze_mcs_0_microblaze_I/include -mno-xl-reorder -mlittle-endian -mcpu=v10.0 -mxl-soft-mul -Wl,--no-relax -ffunction-sections -fdata-sections -MMD -MP -MF"src/main_vanilla_test.d" -MT"src/main_vanilla_test.o" -o "src/main_vanilla_test.o" "../src/main_vanilla_test.cpp"
'Finished building: ../src/main_vanilla_test.cpp'
' '
'Building target: mmio_ss_test.elf'
'Invoking: MicroBlaze g++ linker'
mb-g++ -Wl,-T -Wl,../src/lscript.ld -L../../mcs_cpu_bsp/u_cpu_unit_cpu_i_microblaze_mcs_0_microblaze_I/lib -mlittle-endian -mcpu=v10.0 -mxl-soft-mul -Wl,--no-relax -Wl,--gc-sections -o "mmio_ss_test.elf"  ./src/TimerCore.o ./src/chu_init.o ./src/gpio_core.o ./src/main_vanilla_test.o ./src/uart_core.o   -Wl,--start-group,-lxil,-lgcc,-lc,-lstdc++,--end-group
'Finished building target: mmio_ss_test.elf'
' '
'Invoking: MicroBlaze Print Size'
mb-size mmio_ss_test.elf  |tee "mmio_ss_test.elf.size"
   text	   data	    bss	    dec	    hex	filename
  10536	    284	   3148	  13968	   3690	mmio_ss_test.elf
'Finished building: mmio_ss_test.elf.size'
' '
16:15:03 **** Incremental Build of configuration Debug for project mmio_ss_test ****
make all 
make: Nothing to be done for `all'.
11:39:55 **** Auto Build of configuration Debug for project mmio_ss_test ****
make all 
'Building file: ../src/main_vanilla_test.cpp'
'Invoking: MicroBlaze g++ compiler'
mb-g++ -Wall -O0 -g3 -c -fmessage-length=0 -MT"src/main_vanilla_test.o" -I../../mcs_cpu_bsp/u_cpu_unit_cpu_i_microblaze_mcs_0_microblaze_I/include -mno-xl-reorder -mlittle-endian -mcpu=v10.0 -mxl-soft-mul -Wl,--no-relax -ffunction-sections -fdata-sections -MMD -MP -MF"src/main_vanilla_test.d" -MT"src/main_vanilla_test.o" -o "src/main_vanilla_test.o" "../src/main_vanilla_test.cpp"
../src/main_vanilla_test.cpp:193:27: error: variable or field 'pwm_3color_led_check' declared void
 void pwm_3color_led_check(PwmCore *pwm_p) {
                           ^~~~~~~
../src/main_vanilla_test.cpp:193:27: error: 'PwmCore' was not declared in this scope
../src/main_vanilla_test.cpp:193:27: note: suggested alternative: 'GpiCore'
 void pwm_3color_led_check(PwmCore *pwm_p) {
                           ^~~~~~~
                           GpiCore
../src/main_vanilla_test.cpp:193:36: error: 'pwm_p' was not declared in this scope
 void pwm_3color_led_check(PwmCore *pwm_p) {
                                    ^~~~~
../src/main_vanilla_test.cpp:217:1: error: 'PwmCore' does not name a type; did you mean 'GpiCore'?
 PwmCore pwm(get_slot_addr(BRIDGE_BASE, S6_PWM));
 ^~~~~~~
 GpiCore
make: *** [src/main_vanilla_test.o] Error 1
11:40:49 **** Auto Build of project mcs_cpu_bsp ****
make -k all 
"Running Make include in u_cpu_unit_cpu_i_microblaze_mcs_0_microblaze_I/libsrc/bram_v4_2/src"
make -C u_cpu_unit_cpu_i_microblaze_mcs_0_microblaze_I/libsrc/bram_v4_2/src -s include  "SHELL=CMD" "COMPILER=mb-gcc" "ARCHIVER=mb-ar" "COMPILER_FLAGS=  -O2 -c -mcpu=v10.0 -mlittle-endian -mno-xl-reorder -mxl-soft-mul" "EXTRA_COMPILER_FLAGS=-ffunction-sections -fdata-sections -Wall -Wextra"
"Running Make include in u_cpu_unit_cpu_i_microblaze_mcs_0_microblaze_I/libsrc/cpu_v2_7/src"
make -C u_cpu_unit_cpu_i_microblaze_mcs_0_microblaze_I/libsrc/cpu_v2_7/src -s include  "SHELL=CMD" "COMPILER=mb-gcc" "ARCHIVER=mb-ar" "COMPILER_FLAGS=  -O2 -c -mcpu=v10.0 -mlittle-endian -mno-xl-reorder -mxl-soft-mul" "EXTRA_COMPILER_FLAGS=-ffunction-sections -fdata-sections -Wall -Wextra"
"Running Make include in u_cpu_unit_cpu_i_microblaze_mcs_0_microblaze_I/libsrc/iomodule_v2_5/src"
[...]
'Finished building target: mmio_ss_test.elf'
' '
'Invoking: MicroBlaze Print Size'
mb-size mmio_ss_test.elf  |tee "mmio_ss_test.elf.size"
   text	   data	    bss	    dec	    hex	filename
  15056	    284	   3164	  18504	   4848	mmio_ss_test.elf
'Finished building: mmio_ss_test.elf.size'
' '
18:10:10 **** Incremental Build of configuration Debug for project mmio_ss_test ****
make all 
make: Nothing to be done for `all'.
18:12:00 **** Auto Build of configuration Debug for project mmio_ss_test ****
make all 
'Building file: ../src/main_vanilla_test.cpp'
'Invoking: MicroBlaze g++ compiler'
mb-g++ -Wall -O0 -g3 -c -fmessage-length=0 -MT"src/main_vanilla_test.o" -I../../mcs_cpu_bsp/u_cpu_unit_cpu_i_microblaze_mcs_0_microblaze_I/include -mno-xl-reorder -mlittle-endian -mcpu=v10.0 -mxl-soft-mul -Wl,--no-relax -ffunction-sections -fdata-sections -MMD -MP -MF"src/main_vanilla_test.d" -MT"src/main_vanilla_test.o" -o "src/main_vanilla_test.o" "../src/main_vanilla_test.cpp"
'Finished building: ../src/main_vanilla_test.cpp'
' '
'Building target: mmio_ss_test.elf'
'Invoking: MicroBlaze g++ linker'
mb-g++ -Wl,-T -Wl,../src/lscript.ld -L../../mcs_cpu_bsp/u_cpu_unit_cpu_i_microblaze_mcs_0_microblaze_I/lib -mlittle-endian -mcpu=v10.0 -mxl-soft-mul -Wl,--no-relax -Wl,--gc-sections -o "mmio_ss_test.elf"  ./src/TimerCore.o ./src/chu_init.o ./src/gpio_core.o ./src/main_vanilla_test.o ./src/spi_core.o ./src/uart_core.o   -Wl,--start-group,-lxil,-lgcc,-lc,-lstdc++,--end-group
'Finished building target: mmio_ss_test.elf'
' '
'Invoking: MicroBlaze Print Size'
mb-size mmio_ss_test.elf  |tee "mmio_ss_test.elf.size"
   text	   data	    bss	    dec	    hex	filename
  15036	    284	   3168	  18488	   4838	mmio_ss_test.elf
'Finished building: mmio_ss_test.elf.size'
' '
18:12:07 **** Incremental Build of configuration Debug for project mmio_ss_test ****
make all 
make: Nothing to be done for `all'.
18:12:22 **** Incremental Build of configuration Debug for project mmio_ss_test ****
make all 
make: Nothing to be done for `all'.
18:17:25 **** Auto Build of configuration Debug for project mmio_ss_test ****
make all 
'Building file: ../src/main_vanilla_test.cpp'
'Invoking: MicroBlaze g++ compiler'
mb-g++ -Wall -O0 -g3 -c -fmessage-length=0 -MT"src/main_vanilla_test.o" -I../../mcs_cpu_bsp/u_cpu_unit_cpu_i_microblaze_mcs_0_microblaze_I/include -mno-xl-reorder -mlittle-endian -mcpu=v10.0 -mxl-soft-mul -Wl,--no-relax -ffunction-sections -fdata-sections -MMD -MP -MF"src/main_vanilla_test.d" -MT"src/main_vanilla_test.o" -o "src/main_vanilla_test.o" "../src/main_vanilla_test.cpp"
'Finished building: ../src/main_vanilla_test.cpp'
' '
'Building target: mmio_ss_test.elf'
'Invoking: MicroBlaze g++ linker'
mb-g++ -Wl,-T -Wl,../src/lscript.ld -L../../mcs_cpu_bsp/u_cpu_unit_cpu_i_microblaze_mcs_0_microblaze_I/lib -mlittle-endian -mcpu=v10.0 -mxl-soft-mul -Wl,--no-relax -Wl,--gc-sections -o "mmio_ss_test.elf"  ./src/TimerCore.o ./src/chu_init.o ./src/gpio_core.o ./src/main_vanilla_test.o ./src/spi_core.o ./src/uart_core.o   -Wl,--start-group,-lxil,-lgcc,-lc,-lstdc++,--end-group
'Finished building target: mmio_ss_test.elf'
' '
'Invoking: MicroBlaze Print Size'
mb-size mmio_ss_test.elf  |tee "mmio_ss_test.elf.size"
   text	   data	    bss	    dec	    hex	filename
  15116	    284	   3168	  18568	   4888	mmio_ss_test.elf
'Finished building: mmio_ss_test.elf.size'
' '
18:17:34 **** Incremental Build of configuration Debug for project mmio_ss_test ****
make all 
make: Nothing to be done for `all'.
18:23:16 **** Auto Build of configuration Debug for project mmio_ss_test ****
make all 
'Building file: ../src/main_vanilla_test.cpp'
'Invoking: MicroBlaze g++ compiler'
mb-g++ -Wall -O0 -g3 -c -fmessage-length=0 -MT"src/main_vanilla_test.o" -I../../mcs_cpu_bsp/u_cpu_unit_cpu_i_microblaze_mcs_0_microblaze_I/include -mno-xl-reorder -mlittle-endian -mcpu=v10.0 -mxl-soft-mul -Wl,--no-relax -ffunction-sections -fdata-sections -MMD -MP -MF"src/main_vanilla_test.d" -MT"src/main_vanilla_test.o" -o "src/main_vanilla_test.o" "../src/main_vanilla_test.cpp"
'Finished building: ../src/main_vanilla_test.cpp'
' '
'Building target: mmio_ss_test.elf'
'Invoking: MicroBlaze g++ linker'
mb-g++ -Wl,-T -Wl,../src/lscript.ld -L../../mcs_cpu_bsp/u_cpu_unit_cpu_i_microblaze_mcs_0_microblaze_I/lib -mlittle-endian -mcpu=v10.0 -mxl-soft-mul -Wl,--no-relax -Wl,--gc-sections -o "mmio_ss_test.elf"  ./src/TimerCore.o ./src/chu_init.o ./src/gpio_core.o ./src/main_vanilla_test.o ./src/spi_core.o ./src/uart_core.o   -Wl,--start-group,-lxil,-lgcc,-lc,-lstdc++,--end-group
'Finished building target: mmio_ss_test.elf'
' '
'Invoking: MicroBlaze Print Size'
mb-size mmio_ss_test.elf  |tee "mmio_ss_test.elf.size"
   text	   data	    bss	    dec	    hex	filename
  15300	    284	   3168	  18752	   4940	mmio_ss_test.elf
'Finished building: mmio_ss_test.elf.size'
' '
18:23:31 **** Auto Build of configuration Debug for project mmio_ss_test ****
make all 
'Building file: ../src/main_vanilla_test.cpp'
'Invoking: MicroBlaze g++ compiler'
mb-g++ -Wall -O0 -g3 -c -fmessage-length=0 -MT"src/main_vanilla_test.o" -I../../mcs_cpu_bsp/u_cpu_unit_cpu_i_microblaze_mcs_0_microblaze_I/include -mno-xl-reorder -mlittle-endian -mcpu=v10.0 -mxl-soft-mul -Wl,--no-relax -ffunction-sections -fdata-sections -MMD -MP -MF"src/main_vanilla_test.d" -MT"src/main_vanilla_test.o" -o "src/main_vanilla_test.o" "../src/main_vanilla_test.cpp"
'Finished building: ../src/main_vanilla_test.cpp'
' '
'Building target: mmio_ss_test.elf'
'Invoking: MicroBlaze g++ linker'
mb-g++ -Wl,-T -Wl,../src/lscript.ld -L../../mcs_cpu_bsp/u_cpu_unit_cpu_i_microblaze_mcs_0_microblaze_I/lib -mlittle-endian -mcpu=v10.0 -mxl-soft-mul -Wl,--no-relax -Wl,--gc-sections -o "mmio_ss_test.elf"  ./src/TimerCore.o ./src/chu_init.o ./src/gpio_core.o ./src/main_vanilla_test.o ./src/spi_core.o ./src/uart_core.o   -Wl,--start-group,-lxil,-lgcc,-lc,-lstdc++,--end-group
'Finished building target: mmio_ss_test.elf'
' '
'Invoking: MicroBlaze Print Size'
mb-size mmio_ss_test.elf  |tee "mmio_ss_test.elf.size"
   text	   data	    bss	    dec	    hex	filename
  15220	    284	   3168	  18672	   48f0	mmio_ss_test.elf
'Finished building: mmio_ss_test.elf.size'
' '
18:23:36 **** Incremental Build of configuration Debug for project mmio_ss_test ****
make all 
make: Nothing to be done for `all'.
18:26:12 **** Auto Build of configuration Debug for project mmio_ss_test ****
make all 
'Building file: ../src/main_vanilla_test.cpp'
'Invoking: MicroBlaze g++ compiler'
mb-g++ -Wall -O0 -g3 -c -fmessage-length=0 -MT"src/main_vanilla_test.o" -I../../mcs_cpu_bsp/u_cpu_unit_cpu_i_microblaze_mcs_0_microblaze_I/include -mno-xl-reorder -mlittle-endian -mcpu=v10.0 -mxl-soft-mul -Wl,--no-relax -ffunction-sections -fdata-sections -MMD -MP -MF"src/main_vanilla_test.d" -MT"src/main_vanilla_test.o" -o "src/main_vanilla_test.o" "../src/main_vanilla_test.cpp"
'Finished building: ../src/main_vanilla_test.cpp'
' '
'Building target: mmio_ss_test.elf'
'Invoking: MicroBlaze g++ linker'
mb-g++ -Wl,-T -Wl,../src/lscript.ld -L../../mcs_cpu_bsp/u_cpu_unit_cpu_i_microblaze_mcs_0_microblaze_I/lib -mlittle-endian -mcpu=v10.0 -mxl-soft-mul -Wl,--no-relax -Wl,--gc-sections -o "mmio_ss_test.elf"  ./src/TimerCore.o ./src/chu_init.o ./src/gpio_core.o ./src/main_vanilla_test.o ./src/spi_core.o ./src/uart_core.o   -Wl,--start-group,-lxil,-lgcc,-lc,-lstdc++,--end-group
'Finished building target: mmio_ss_test.elf'
' '
'Invoking: MicroBlaze Print Size'
mb-size mmio_ss_test.elf  |tee "mmio_ss_test.elf.size"
   text	   data	    bss	    dec	    hex	filename
  15300	    284	   3168	  18752	   4940	mmio_ss_test.elf
'Finished building: mmio_ss_test.elf.size'
' '
18:26:21 **** Incremental Build of configuration Debug for project mmio_ss_test ****
make all 
make: Nothing to be done for `all'.
18:27:26 **** Auto Build of configuration Debug for project mmio_ss_test ****
make all 
'Building file: ../src/main_vanilla_test.cpp'
'Invoking: MicroBlaze g++ compiler'
mb-g++ -Wall -O0 -g3 -c -fmessage-length=0 -MT"src/main_vanilla_test.o" -I../../mcs_cpu_bsp/u_cpu_unit_cpu_i_microblaze_mcs_0_microblaze_I/include -mno-xl-reorder -mlittle-endian -mcpu=v10.0 -mxl-soft-mul -Wl,--no-relax -ffunction-sections -fdata-sections -MMD -MP -MF"src/main_vanilla_test.d" -MT"src/main_vanilla_test.o" -o "src/main_vanilla_test.o" "../src/main_vanilla_test.cpp"
'Finished building: ../src/main_vanilla_test.cpp'
' '
'Building target: mmio_ss_test.elf'
'Invoking: MicroBlaze g++ linker'
mb-g++ -Wl,-T -Wl,../src/lscript.ld -L../../mcs_cpu_bsp/u_cpu_unit_cpu_i_microblaze_mcs_0_microblaze_I/lib -mlittle-endian -mcpu=v10.0 -mxl-soft-mul -Wl,--no-relax -Wl,--gc-sections -o "mmio_ss_test.elf"  ./src/TimerCore.o ./src/chu_init.o ./src/gpio_core.o ./src/main_vanilla_test.o ./src/spi_core.o ./src/uart_core.o   -Wl,--start-group,-lxil,-lgcc,-lc,-lstdc++,--end-group
'Finished building target: mmio_ss_test.elf'
' '
'Invoking: MicroBlaze Print Size'
mb-size mmio_ss_test.elf  |tee "mmio_ss_test.elf.size"
   text	   data	    bss	    dec	    hex	filename
  15300	    284	   3168	  18752	   4940	mmio_ss_test.elf
'Finished building: mmio_ss_test.elf.size'
' '
18:27:34 **** Incremental Build of configuration Debug for project mmio_ss_test ****
make all 
make: Nothing to be done for `all'.
18:28:44 **** Auto Build of configuration Debug for project mmio_ss_test ****
make all 
'Building file: ../src/main_vanilla_test.cpp'
'Invoking: MicroBlaze g++ compiler'
mb-g++ -Wall -O0 -g3 -c -fmessage-length=0 -MT"src/main_vanilla_test.o" -I../../mcs_cpu_bsp/u_cpu_unit_cpu_i_microblaze_mcs_0_microblaze_I/include -mno-xl-reorder -mlittle-endian -mcpu=v10.0 -mxl-soft-mul -Wl,--no-relax -ffunction-sections -fdata-sections -MMD -MP -MF"src/main_vanilla_test.d" -MT"src/main_vanilla_test.o" -o "src/main_vanilla_test.o" "../src/main_vanilla_test.cpp"
'Finished building: ../src/main_vanilla_test.cpp'
' '
'Building target: mmio_ss_test.elf'
'Invoking: MicroBlaze g++ linker'
mb-g++ -Wl,-T -Wl,../src/lscript.ld -L../../mcs_cpu_bsp/u_cpu_unit_cpu_i_microblaze_mcs_0_microblaze_I/lib -mlittle-endian -mcpu=v10.0 -mxl-soft-mul -Wl,--no-relax -Wl,--gc-sections -o "mmio_ss_test.elf"  ./src/TimerCore.o ./src/chu_init.o ./src/gpio_core.o ./src/main_vanilla_test.o ./src/spi_core.o ./src/uart_core.o   -Wl,--start-group,-lxil,-lgcc,-lc,-lstdc++,--end-group
'Finished building target: mmio_ss_test.elf'
' '
'Invoking: MicroBlaze Print Size'
mb-size mmio_ss_test.elf  |tee "mmio_ss_test.elf.size"
   text	   data	    bss	    dec	    hex	filename
  14936	    284	   3164	  18384	   47d0	mmio_ss_test.elf
'Finished building: mmio_ss_test.elf.size'
' '
18:29:02 **** Auto Build of configuration Debug for project mmio_ss_test ****
make all 
'Building file: ../src/main_vanilla_test.cpp'
'Invoking: MicroBlaze g++ compiler'
mb-g++ -Wall -O0 -g3 -c -fmessage-length=0 -MT"src/main_vanilla_test.o" -I../../mcs_cpu_bsp/u_cpu_unit_cpu_i_microblaze_mcs_0_microblaze_I/include -mno-xl-reorder -mlittle-endian -mcpu=v10.0 -mxl-soft-mul -Wl,--no-relax -ffunction-sections -fdata-sections -MMD -MP -MF"src/main_vanilla_test.d" -MT"src/main_vanilla_test.o" -o "src/main_vanilla_test.o" "../src/main_vanilla_test.cpp"
'Finished building: ../src/main_vanilla_test.cpp'
' '
'Building target: mmio_ss_test.elf'
'Invoking: MicroBlaze g++ linker'
mb-g++ -Wl,-T -Wl,../src/lscript.ld -L../../mcs_cpu_bsp/u_cpu_unit_cpu_i_microblaze_mcs_0_microblaze_I/lib -mlittle-endian -mcpu=v10.0 -mxl-soft-mul -Wl,--no-relax -Wl,--gc-sections -o "mmio_ss_test.elf"  ./src/TimerCore.o ./src/chu_init.o ./src/gpio_core.o ./src/main_vanilla_test.o ./src/spi_core.o ./src/uart_core.o   -Wl,--start-group,-lxil,-lgcc,-lc,-lstdc++,--end-group
'Finished building target: mmio_ss_test.elf'
' '
'Invoking: MicroBlaze Print Size'
mb-size mmio_ss_test.elf  |tee "mmio_ss_test.elf.size"
   text	   data	    bss	    dec	    hex	filename
  14760	    284	   3164	  18208	   4720	mmio_ss_test.elf
'Finished building: mmio_ss_test.elf.size'
' '
18:29:10 **** Auto Build of configuration Debug for project mmio_ss_test ****
make all 
'Building file: ../src/main_vanilla_test.cpp'
'Invoking: MicroBlaze g++ compiler'
mb-g++ -Wall -O0 -g3 -c -fmessage-length=0 -MT"src/main_vanilla_test.o" -I../../mcs_cpu_bsp/u_cpu_unit_cpu_i_microblaze_mcs_0_microblaze_I/include -mno-xl-reorder -mlittle-endian -mcpu=v10.0 -mxl-soft-mul -Wl,--no-relax -ffunction-sections -fdata-sections -MMD -MP -MF"src/main_vanilla_test.d" -MT"src/main_vanilla_test.o" -o "src/main_vanilla_test.o" "../src/main_vanilla_test.cpp"
'Finished building: ../src/main_vanilla_test.cpp'
' '
'Building target: mmio_ss_test.elf'
'Invoking: MicroBlaze g++ linker'
mb-g++ -Wl,-T -Wl,../src/lscript.ld -L../../mcs_cpu_bsp/u_cpu_unit_cpu_i_microblaze_mcs_0_microblaze_I/lib -mlittle-endian -mcpu=v10.0 -mxl-soft-mul -Wl,--no-relax -Wl,--gc-sections -o "mmio_ss_test.elf"  ./src/TimerCore.o ./src/chu_init.o ./src/gpio_core.o ./src/main_vanilla_test.o ./src/spi_core.o ./src/uart_core.o   -Wl,--start-group,-lxil,-lgcc,-lc,-lstdc++,--end-group
'Finished building target: mmio_ss_test.elf'
' '
'Invoking: MicroBlaze Print Size'
mb-size mmio_ss_test.elf  |tee "mmio_ss_test.elf.size"
   text	   data	    bss	    dec	    hex	filename
  14632	    284	   3164	  18080	   46a0	mmio_ss_test.elf
'Finished building: mmio_ss_test.elf.size'
' '
18:29:49 **** Auto Build of configuration Debug for project mmio_ss_test ****
make all 
'Building file: ../src/main_vanilla_test.cpp'
'Invoking: MicroBlaze g++ compiler'
mb-g++ -Wall -O0 -g3 -c -fmessage-length=0 -MT"src/main_vanilla_test.o" -I../../mcs_cpu_bsp/u_cpu_unit_cpu_i_microblaze_mcs_0_microblaze_I/include -mno-xl-reorder -mlittle-endian -mcpu=v10.0 -mxl-soft-mul -Wl,--no-relax -ffunction-sections -fdata-sections -MMD -MP -MF"src/main_vanilla_test.d" -MT"src/main_vanilla_test.o" -o "src/main_vanilla_test.o" "../src/main_vanilla_test.cpp"
'Finished building: ../src/main_vanilla_test.cpp'
' '
'Building target: mmio_ss_test.elf'
'Invoking: MicroBlaze g++ linker'
mb-g++ -Wl,-T -Wl,../src/lscript.ld -L../../mcs_cpu_bsp/u_cpu_unit_cpu_i_microblaze_mcs_0_microblaze_I/lib -mlittle-endian -mcpu=v10.0 -mxl-soft-mul -Wl,--no-relax -Wl,--gc-sections -o "mmio_ss_test.elf"  ./src/TimerCore.o ./src/chu_init.o ./src/gpio_core.o ./src/main_vanilla_test.o ./src/spi_core.o ./src/uart_core.o   -Wl,--start-group,-lxil,-lgcc,-lc,-lstdc++,--end-group
'Finished building target: mmio_ss_test.elf'
' '
'Invoking: MicroBlaze Print Size'
mb-size mmio_ss_test.elf  |tee "mmio_ss_test.elf.size"
   text	   data	    bss	    dec	    hex	filename
  14508	    284	   3168	  17960	   4628	mmio_ss_test.elf
'Finished building: mmio_ss_test.elf.size'
' '
18:30:08 **** Auto Build of configuration Debug for project mmio_ss_test ****
make all 
'Building file: ../src/main_vanilla_test.cpp'
'Invoking: MicroBlaze g++ compiler'
mb-g++ -Wall -O0 -g3 -c -fmessage-length=0 -MT"src/main_vanilla_test.o" -I../../mcs_cpu_bsp/u_cpu_unit_cpu_i_microblaze_mcs_0_microblaze_I/include -mno-xl-reorder -mlittle-endian -mcpu=v10.0 -mxl-soft-mul -Wl,--no-relax -ffunction-sections -fdata-sections -MMD -MP -MF"src/main_vanilla_test.d" -MT"src/main_vanilla_test.o" -o "src/main_vanilla_test.o" "../src/main_vanilla_test.cpp"
'Finished building: ../src/main_vanilla_test.cpp'
' '
'Building target: mmio_ss_test.elf'
'Invoking: MicroBlaze g++ linker'
mb-g++ -Wl,-T -Wl,../src/lscript.ld -L../../mcs_cpu_bsp/u_cpu_unit_cpu_i_microblaze_mcs_0_microblaze_I/lib -mlittle-endian -mcpu=v10.0 -mxl-soft-mul -Wl,--no-relax -Wl,--gc-sections -o "mmio_ss_test.elf"  ./src/TimerCore.o ./src/chu_init.o ./src/gpio_core.o ./src/main_vanilla_test.o ./src/spi_core.o ./src/uart_core.o   -Wl,--start-group,-lxil,-lgcc,-lc,-lstdc++,--end-group
'Finished building target: mmio_ss_test.elf'
' '
'Invoking: MicroBlaze Print Size'
mb-size mmio_ss_test.elf  |tee "mmio_ss_test.elf.size"
   text	   data	    bss	    dec	    hex	filename
  14632	    284	   3164	  18080	   46a0	mmio_ss_test.elf
'Finished building: mmio_ss_test.elf.size'
' '
18:30:15 **** Incremental Build of configuration Debug for project mmio_ss_test ****
make all 
make: Nothing to be done for `all'.
18:31:08 **** Auto Build of configuration Debug for project mmio_ss_test ****
make all 
'Building file: ../src/main_vanilla_test.cpp'
'Invoking: MicroBlaze g++ compiler'
mb-g++ -Wall -O0 -g3 -c -fmessage-length=0 -MT"src/main_vanilla_test.o" -I../../mcs_cpu_bsp/u_cpu_unit_cpu_i_microblaze_mcs_0_microblaze_I/include -mno-xl-reorder -mlittle-endian -mcpu=v10.0 -mxl-soft-mul -Wl,--no-relax -ffunction-sections -fdata-sections -MMD -MP -MF"src/main_vanilla_test.d" -MT"src/main_vanilla_test.o" -o "src/main_vanilla_test.o" "../src/main_vanilla_test.cpp"
../src/main_vanilla_test.cpp: In function 'int main()':
../src/main_vanilla_test.cpp:360:36: error: too many arguments to function 'void collision_led(GpoCore*, GpiCore*)'
          collision_led(&led, &sw, 6);
                                    ^
../src/main_vanilla_test.cpp:113:6: note: declared here
 void collision_led(GpoCore *led_p, GpiCore *sw_p) {
      ^~~~~~~~~~~~~
../src/main_vanilla_test.cpp:364:34: error: cannot convert 'PwmCore' to 'PwmCore*' for argument '1' to 'void pwm_3color_led_check(PwmCore*)'
          pwm_3color_led_check(pwm);
                                  ^
make: *** [src/main_vanilla_test.o] Error 1
18:31:40 **** Auto Build of configuration Debug for project mmio_ss_test ****
make all 
'Building file: ../src/main_vanilla_test.cpp'
'Invoking: MicroBlaze g++ compiler'
mb-g++ -Wall -O0 -g3 -c -fmessage-length=0 -MT"src/main_vanilla_test.o" -I../../mcs_cpu_bsp/u_cpu_unit_cpu_i_microblaze_mcs_0_microblaze_I/include -mno-xl-reorder -mlittle-endian -mcpu=v10.0 -mxl-soft-mul -Wl,--no-relax -ffunction-sections -fdata-sections -MMD -MP -MF"src/main_vanilla_test.d" -MT"src/main_vanilla_test.o" -o "src/main_vanilla_test.o" "../src/main_vanilla_test.cpp"
../src/main_vanilla_test.cpp: In function 'int main()':
../src/main_vanilla_test.cpp:364:34: error: cannot convert 'PwmCore' to 'PwmCore*' for argument '1' to 'void pwm_3color_led_check(PwmCore*)'
          pwm_3color_led_check(pwm);
                                  ^
make: *** [src/main_vanilla_test.o] Error 1
18:31:59 **** Auto Build of configuration Debug for project mmio_ss_test ****
make all 
'Building file: ../src/main_vanilla_test.cpp'
'Invoking: MicroBlaze g++ compiler'
mb-g++ -Wall -O0 -g3 -c -fmessage-length=0 -MT"src/main_vanilla_test.o" -I../../mcs_cpu_bsp/u_cpu_unit_cpu_i_microblaze_mcs_0_microblaze_I/include -mno-xl-reorder -mlittle-endian -mcpu=v10.0 -mxl-soft-mul -Wl,--no-relax -ffunction-sections -fdata-sections -MMD -MP -MF"src/main_vanilla_test.d" -MT"src/main_vanilla_test.o" -o "src/main_vanilla_test.o" "../src/main_vanilla_test.cpp"
'Finished building: ../src/main_vanilla_test.cpp'
' '
'Building target: mmio_ss_test.elf'
'Invoking: MicroBlaze g++ linker'
mb-g++ -Wl,-T -Wl,../src/lscript.ld -L../../mcs_cpu_bsp/u_cpu_unit_cpu_i_microblaze_mcs_0_microblaze_I/lib -mlittle-endian -mcpu=v10.0 -mxl-soft-mul -Wl,--no-relax -Wl,--gc-sections -o "mmio_ss_test.elf"  ./src/TimerCore.o ./src/chu_init.o ./src/gpio_core.o ./src/main_vanilla_test.o ./src/spi_core.o ./src/uart_core.o   -Wl,--start-group,-lxil,-lgcc,-lc,-lstdc++,--end-group
'Finished building target: mmio_ss_test.elf'
' '
'Invoking: MicroBlaze Print Size'
mb-size mmio_ss_test.elf  |tee "mmio_ss_test.elf.size"
   text	   data	    bss	    dec	    hex	filename
  22444	    292	   3200	  25936	   6550	mmio_ss_test.elf
'Finished building: mmio_ss_test.elf.size'
' '
18:32:11 **** Incremental Build of configuration Debug for project mmio_ss_test ****
make all 
make: Nothing to be done for `all'.
