12:30:40 **** Auto Build of configuration Debug for project mmio_ss_test ****
make all 
'Building file: ../src/main_vanilla_test.cpp'
'Invoking: MicroBlaze g++ compiler'
mb-g++ -Wall -O0 -g3 -c -fmessage-length=0 -MT"src/main_vanilla_test.o" -I../../mcs_cpu_bsp/u_cpu_unit_cpu_i_microblaze_mcs_0_microblaze_I/include -mno-xl-reorder -mlittle-endian -mcpu=v10.0 -mxl-soft-mul -Wl,--no-relax -ffunction-sections -fdata-sections -MMD -MP -MF"src/main_vanilla_test.d" -MT"src/main_vanilla_test.o" -o "src/main_vanilla_test.o" "../src/main_vanilla_test.cpp"
'Finished building: ../src/main_vanilla_test.cpp'
' '
'Building target: mmio_ss_test.elf'
'Invoking: MicroBlaze g++ linker'
mb-g++ -Wl,-T -Wl,../src/lscript.ld -L../../mcs_cpu_bsp/u_cpu_unit_cpu_i_microblaze_mcs_0_microblaze_I/lib -mlittle-endian -mcpu=v10.0 -mxl-soft-mul -Wl,--no-relax -Wl,--gc-sections -o "mmio_ss_test.elf"  ./src/TimerCore.o ./src/chu_init.o ./src/gpio_core.o ./src/i2c_core.o ./src/main_vanilla_test.o ./src/spi_core.o ./src/uart_core.o   -Wl,--start-group,-lxil,-lgcc,-lc,-lstdc++,--end-group
'Finished building target: mmio_ss_test.elf'
' '
'Invoking: MicroBlaze Print Size'
mb-size mmio_ss_test.elf  |tee "mmio_ss_test.elf.size"
   text	   data	    bss	    dec	    hex	filename
  15392	    276	   3164	  18832	   4990	mmio_ss_test.elf
'Finished building: mmio_ss_test.elf.size'
' '

12:30:41 Build Finished (took 884ms)

