Copyright 1986-2018 Xilinx, Inc. All Rights Reserved.
--------------------------------------------------------------------------------------------
| Tool Version : Vivado v.2018.2 (win64) Build 2258646 Thu Jun 14 20:03:12 MDT 2018
| Date         : Sat Mar 14 12:42:59 2026
| Host         : DESKTOP-QOVO705 running 64-bit major release  (build 9200)
| Command      : report_control_sets -verbose -file mcs_top_vanilla_control_sets_placed.rpt
| Design       : mcs_top_vanilla
| Device       : xc7a35t
--------------------------------------------------------------------------------------------

Control Set Information

Table of Contents
-----------------
1. Summary
2. Histogram
3. Flip-Flop Distribution
4. Detailed Control Set Information

1. Summary
----------

+----------------------------------------------------------+-------+
|                          Status                          | Count |
+----------------------------------------------------------+-------+
| Number of unique control sets                            |    43 |
| Unused register locations in slices containing registers |    86 |
+----------------------------------------------------------+-------+


2. Histogram
------------

+--------+--------------+
| Fanout | Control Sets |
+--------+--------------+
|      2 |            5 |
|      8 |            5 |
|     10 |            1 |
|     12 |            2 |
|     14 |            1 |
|    16+ |           29 |
+--------+--------------+


3. Flip-Flop Distribution
-------------------------

+--------------+-----------------------+------------------------+-----------------+--------------+
| Clock Enable | Synchronous Set/Reset | Asynchronous Set/Reset | Total Registers | Total Slices |
+--------------+-----------------------+------------------------+-----------------+--------------+
| No           | No                    | No                     |             130 |           25 |
| No           | No                    | Yes                    |              68 |           18 |
| No           | Yes                   | No                     |             134 |           30 |
| Yes          | No                    | No                     |              64 |           18 |
| Yes          | No                    | Yes                    |             368 |           48 |
| Yes          | Yes                   | No                     |             326 |           57 |
+--------------+-----------------------+------------------------+-----------------+--------------+


4. Detailed Control Set Information
-----------------------------------

+-------------------------------------------------+--------------------------------------------------------------------------------------------------------------------------------------------------------+---------------------------------------------------------------------------------------------------------------------------------------------------+------------------+----------------+
|                   Clock Signal                  |                                                                      Enable Signal                                                                     |                                                                  Set/Reset Signal                                                                 | Slice Load Count | Bel Load Count |
+-------------------------------------------------+--------------------------------------------------------------------------------------------------------------------------------------------------------+---------------------------------------------------------------------------------------------------------------------------------------------------+------------------+----------------+
|  u_clock_gen/clock_ip_i/clk_wiz_0/inst/clk_out1 | u_cpu_unit/uBlaze_MCS_i/microblaze_mcs_0/inst/microblaze_I/U0/MicroBlaze_Core_I/Area.Core/Decode_I/MTSMSR_Write                                        | u_cpu_unit/uBlaze_MCS_i/microblaze_mcs_0/inst/microblaze_I/U0/MicroBlaze_Core_I/sync_reset                                                        |                1 |              2 |
|  u_clock_gen/clock_ip_i/clk_wiz_0/inst/clk_out1 |                                                                                                                                                        | u_mmio_unit/u_led_slot2/gpo_reg_reg[5]_0                                                                                                          |                1 |              2 |
|  u_clock_gen/clock_ip_i/clk_wiz_0/inst/clk_out1 |                                                                                                                                                        | u_cpu_unit/uBlaze_MCS_i/microblaze_mcs_0/inst/microblaze_I/U0/MicroBlaze_Core_I/Area.Core/Decode_I/Using_FPGA.New_Carry_MUXCY/Using_FPGA.Native_0 |                1 |              2 |
|  u_clock_gen/clock_ip_i/clk_wiz_0/inst/clk_out1 |                                                                                                                                                        | u_cpu_unit/uBlaze_MCS_i/microblaze_mcs_0/inst/microblaze_I/U0/MicroBlaze_Core_I/Area.Core/Decode_I/MSR_Rst                                        |                1 |              2 |
|  u_clock_gen/clock_ip_i/clk_wiz_0/inst/clk_out1 | u_mmio_unit/u_timer_slot0/counter_reg[47]_i_1_n_0                                                                                                      | u_mmio_unit/u_led_slot2/gpo_reg_reg[5]_0                                                                                                          |                1 |              2 |
|  u_clock_gen/clock_ip_i/clk_wiz_0/inst/clk_out1 |                                                                                                                                                        | u_cpu_unit/uBlaze_MCS_i/microblaze_mcs_0/inst/rst_0/U0/peripheral_reset[0]                                                                        |                2 |              8 |
|  u_clock_gen/clock_ip_i/clk_wiz_0/inst/clk_out1 | u_mmio_unit/u_uart_slot1/u_uart/u_uart_tx/s_next                                                                                                       | u_mmio_unit/u_uart_slot1/u_uart/u_tx_fifo/u_reg_file/reg_file_reg[0][0]_0                                                                         |                1 |              8 |
|  u_clock_gen/clock_ip_i/clk_wiz_0/inst/clk_out1 | u_mmio_unit/u_uart_slot1/u_uart/u_uart_rx/s_next                                                                                                       | u_mmio_unit/u_uart_slot1/u_uart/u_tx_fifo/u_reg_file/reg_file_reg[0][0]_0                                                                         |                2 |              8 |
|  u_clock_gen/clock_ip_i/clk_wiz_0/inst/clk_out1 |                                                                                                                                                        | u_cpu_unit/uBlaze_MCS_i/microblaze_mcs_0/inst/microblaze_I/U0/MicroBlaze_Core_I/Area.Core/Decode_I/Using_FPGA.MUXCY_JUMP_CARRY3/R                 |                2 |              8 |
|  u_clock_gen/clock_ip_i/clk_wiz_0/inst/clk_out1 |                                                                                                                                                        | u_cpu_unit/uBlaze_MCS_i/microblaze_mcs_0/inst/rst_0/U0/bus_struct_reset[0]                                                                        |                1 |              8 |
|  u_clock_gen/clock_ip_i/clk_wiz_0/inst/clk_out1 |                                                                                                                                                        | u_cpu_unit/uBlaze_MCS_i/microblaze_mcs_0/inst/rst_0/U0/EXT_LPF/lpf_int                                                                            |                3 |             10 |
|  u_clock_gen/clock_ip_i/clk_wiz_0/inst/clk_out1 | u_cpu_unit/uBlaze_MCS_i/microblaze_mcs_0/inst/rst_0/U0/SEQ/seq_cnt_en                                                                                  | u_cpu_unit/uBlaze_MCS_i/microblaze_mcs_0/inst/rst_0/U0/SEQ/SEQ_COUNTER/clear                                                                      |                1 |             12 |
|  u_clock_gen/clock_ip_i/clk_wiz_0/inst/clk_out1 | u_cpu_unit/gpo_reg_reg[0][0]                                                                                                                           | u_mmio_unit/u_led_slot2/gpo_reg_reg[5]_0                                                                                                          |                1 |             12 |
|  u_clock_gen/clock_ip_i/clk_wiz_0/inst/clk_out1 | u_cpu_unit/gpi_reg_reg[0][0]                                                                                                                           | u_mmio_unit/u_uart_slot1/u_uart/u_tx_fifo/u_reg_file/reg_file_reg[0][0]_0                                                                         |                1 |             14 |
|  u_clock_gen/clock_ip_i/clk_wiz_0/inst/clk_out1 | u_cpu_unit/uBlaze_MCS_i/microblaze_mcs_0/inst/microblaze_I/U0/MicroBlaze_Core_I/Area.Core/Decode_I/Using_FPGA.of_PipeRun_MuxCY_1/Using_FPGA.Native_0   | u_cpu_unit/uBlaze_MCS_i/microblaze_mcs_0/inst/microblaze_I/U0/MicroBlaze_Core_I/Area.Core/Decode_I/Using_FPGA.MUXCY_JUMP_CARRY3/S65_out           |                2 |             16 |
|  u_clock_gen/clock_ip_i/clk_wiz_0/inst/clk_out1 | u_mmio_unit/u_uart_slot1/u_uart/u_tx_fifo/u_fifo_ctrl/reg_file_reg[2][7][0]                                                                            | u_mmio_unit/u_uart_slot1/u_uart/u_tx_fifo/u_reg_file/reg_file_reg[0][0]_0                                                                         |                2 |             16 |
|  u_clock_gen/clock_ip_i/clk_wiz_0/inst/clk_out1 | u_mmio_unit/u_uart_slot1/u_uart/u_tx_fifo/u_fifo_ctrl/E[0]                                                                                             | u_mmio_unit/u_uart_slot1/u_uart/u_tx_fifo/u_reg_file/reg_file_reg[0][0]_0                                                                         |                1 |             16 |
|  u_clock_gen/clock_ip_i/clk_wiz_0/inst/clk_out1 | u_mmio_unit/u_uart_slot1/u_uart/u_tx_fifo/u_fifo_ctrl/reg_file_reg[1][7][0]                                                                            | u_mmio_unit/u_uart_slot1/u_uart/u_tx_fifo/u_reg_file/reg_file_reg[0][0]_0                                                                         |                1 |             16 |
|  u_clock_gen/clock_ip_i/clk_wiz_0/inst/clk_out1 | u_mmio_unit/u_uart_slot1/u_uart/u_tx_fifo/u_fifo_ctrl/reg_file_reg[3][7][0]                                                                            | u_mmio_unit/u_uart_slot1/u_uart/u_tx_fifo/u_reg_file/reg_file_reg[0][0]_0                                                                         |                2 |             16 |
|  u_clock_gen/clock_ip_i/clk_wiz_0/inst/clk_out1 | u_mmio_unit/u_uart_slot1/u_uart/u_uart_rx/b_next                                                                                                       | u_mmio_unit/u_uart_slot1/u_uart/u_rx_fifo/u_reg_file/reg_file_reg[0][1]_0                                                                         |                1 |             16 |
|  u_clock_gen/clock_ip_i/clk_wiz_0/inst/clk_out1 | u_mmio_unit/u_uart_slot1/u_uart/u_uart_tx/b_next_0                                                                                                     | u_mmio_unit/u_uart_slot1/u_uart/u_tx_fifo/u_reg_file/reg_file_reg[0][0]_0                                                                         |                2 |             16 |
|  u_clock_gen/clock_ip_i/clk_wiz_0/inst/clk_out1 | u_mmio_unit/u_uart_slot1/u_uart/u_rx_fifo/u_fifo_ctrl/reg_file_reg[2][7][0]                                                                            | u_mmio_unit/u_uart_slot1/u_uart/u_rx_fifo/u_reg_file/reg_file_reg[0][1]_0                                                                         |                1 |             16 |
|  u_clock_gen/clock_ip_i/clk_wiz_0/inst/clk_out1 | u_cpu_unit/E[0]                                                                                                                                        | u_mmio_unit/u_uart_slot1/u_uart/u_rx_fifo/u_reg_file/reg_file_reg[0][1]_0                                                                         |                2 |             16 |
|  u_clock_gen/clock_ip_i/clk_wiz_0/inst/clk_out1 | u_mmio_unit/u_uart_slot1/u_uart/u_uart_tx/E[0]                                                                                                         | u_mmio_unit/u_uart_slot1/u_uart/u_tx_fifo/u_reg_file/reg_file_reg[0][0]_0                                                                         |                2 |             16 |
|  u_clock_gen/clock_ip_i/clk_wiz_0/inst/clk_out1 | u_mmio_unit/u_uart_slot1/u_uart/u_rx_fifo/u_fifo_ctrl/E[0]                                                                                             | u_mmio_unit/u_uart_slot1/u_uart/u_rx_fifo/u_reg_file/reg_file_reg[0][1]_0                                                                         |                3 |             16 |
|  u_clock_gen/clock_ip_i/clk_wiz_0/inst/clk_out1 | u_mmio_unit/u_uart_slot1/u_uart/u_rx_fifo/u_fifo_ctrl/reg_file_reg[1][7][0]                                                                            | u_mmio_unit/u_uart_slot1/u_uart/u_rx_fifo/u_reg_file/reg_file_reg[0][1]_0                                                                         |                1 |             16 |
|  u_clock_gen/clock_ip_i/clk_wiz_0/inst/clk_out1 | u_mmio_unit/u_uart_slot1/u_uart/u_rx_fifo/u_fifo_ctrl/reg_file_reg[3][7][0]                                                                            | u_mmio_unit/u_uart_slot1/u_uart/u_rx_fifo/u_reg_file/reg_file_reg[0][1]_0                                                                         |                1 |             16 |
|  u_clock_gen/clock_ip_i/clk_wiz_0/inst/clk_out1 | u_cpu_unit/gpi_reg_reg[0][0]                                                                                                                           | u_mmio_unit/u_uart_slot1/u_uart/u_rx_fifo/u_reg_file/reg_file_reg[0][1]_0                                                                         |                3 |             18 |
|  u_clock_gen/clock_ip_i/clk_wiz_0/inst/clk_out1 | u_cpu_unit/dvsr_reg_reg[0][0]                                                                                                                          | u_mmio_unit/u_uart_slot1/u_uart/u_rx_fifo/u_reg_file/reg_file_reg[0][1]_0                                                                         |                3 |             20 |
|  u_clock_gen/clock_ip_i/clk_wiz_0/inst/clk_out1 | u_cpu_unit/uBlaze_MCS_i/microblaze_mcs_0/inst/microblaze_I/U0/MicroBlaze_Core_I/Area.Core/Decode_I/Using_FPGA.MUXCY_JUMP_CARRY3/PC_Write               | u_cpu_unit/uBlaze_MCS_i/microblaze_mcs_0/inst/microblaze_I/U0/MicroBlaze_Core_I/sync_reset                                                        |                4 |             30 |
|  u_clock_gen/clock_ip_i/clk_wiz_0/inst/clk_out1 | u_cpu_unit/uBlaze_MCS_i/microblaze_mcs_0/inst/microblaze_I/U0/MicroBlaze_Core_I/Area.Core/Decode_I/PreFetch_Buffer_I/PreFetch_Buffers[5].SRL16E_I/E[0] | u_cpu_unit/uBlaze_MCS_i/microblaze_mcs_0/inst/microblaze_I/U0/MicroBlaze_Core_I/sync_reset                                                        |                8 |             32 |
|  u_clock_gen/clock_ip_i/clk_wiz_0/inst/clk_out1 |                                                                                                                                                        | u_cpu_unit/uBlaze_MCS_i/microblaze_mcs_0/inst/microblaze_I/U0/MicroBlaze_Core_I/sync_reset                                                        |                8 |             32 |
|  u_clock_gen/clock_ip_i/clk_wiz_0/inst/clk_out1 |                                                                                                                                                        | u_mmio_unit/u_uart_slot1/u_uart/u_tx_fifo/u_reg_file/reg_file_reg[0][0]_0                                                                         |                9 |             32 |
|  u_clock_gen/clock_ip_i/clk_wiz_0/inst/clk_out1 |                                                                                                                                                        | u_mmio_unit/u_uart_slot1/u_uart/u_rx_fifo/u_reg_file/reg_file_reg[0][1]_0                                                                         |                8 |             34 |
|  u_clock_gen/clock_ip_i/clk_wiz_0/inst/clk_out1 | u_mmio_unit/u_timer_slot0/counter_reg[47]_i_1_n_0                                                                                                      | u_mmio_unit/u_uart_slot1/u_uart/u_rx_fifo/u_reg_file/reg_file_reg[0][1]_0                                                                         |                9 |             42 |
|  u_clock_gen/clock_ip_i/clk_wiz_0/inst/clk_out1 | u_mmio_unit/u_timer_slot0/counter_reg[47]_i_1_n_0                                                                                                      | u_mmio_unit/u_uart_slot1/u_uart/u_tx_fifo/u_reg_file/reg_file_reg[0][0]_0                                                                         |                8 |             52 |
|  u_clock_gen/clock_ip_i/clk_wiz_0/inst/clk_out1 | u_cpu_unit/uBlaze_MCS_i/microblaze_mcs_0/inst/iomodule_0/U0/p_22_out                                                                                   | u_cpu_unit/uBlaze_MCS_i/microblaze_mcs_0/inst/rst_0/U0/peripheral_reset[0]                                                                        |               12 |             54 |
|  u_clock_gen/clock_ip_i/clk_wiz_0/inst/clk_out1 |                                                                                                                                                        | u_cpu_unit/uBlaze_MCS_i/microblaze_mcs_0/inst/iomodule_0/U0/Using_IO_Bus.io_bus_read_data[31]_i_1_n_0                                             |               12 |             64 |
|  u_clock_gen/clock_ip_i/clk_wiz_0/inst/clk_out1 | u_cpu_unit/uBlaze_MCS_i/microblaze_mcs_0/inst/microblaze_I/U0/MicroBlaze_Core_I/Area.Core/Decode_I/Using_FPGA.of_PipeRun_MuxCY_1/Using_FPGA.Native_0   |                                                                                                                                                   |               18 |             64 |
|  u_clock_gen/clock_ip_i/clk_wiz_0/inst/clk_out1 | u_cpu_unit/uBlaze_MCS_i/microblaze_mcs_0/inst/microblaze_I/U0/MicroBlaze_Core_I/Area.Core/Decode_I/Using_FPGA.clean_iReady_MuxCY/IReady                |                                                                                                                                                   |               12 |             94 |
|  u_clock_gen/clock_ip_i/clk_wiz_0/inst/clk_out1 |                                                                                                                                                        |                                                                                                                                                   |               28 |            136 |
|  u_clock_gen/clock_ip_i/clk_wiz_0/inst/clk_out1 | u_cpu_unit/uBlaze_MCS_i/microblaze_mcs_0/inst/microblaze_I/U0/MicroBlaze_Core_I/Area.Core/Decode_I/Using_FPGA.of_PipeRun_MuxCY_1/Using_FPGA.Native_0   | u_cpu_unit/uBlaze_MCS_i/microblaze_mcs_0/inst/microblaze_I/U0/MicroBlaze_Core_I/sync_reset                                                        |               29 |            180 |
|  u_clock_gen/clock_ip_i/clk_wiz_0/inst/clk_out1 | u_cpu_unit/uBlaze_MCS_i/microblaze_mcs_0/inst/microblaze_I/U0/MicroBlaze_Core_I/Area.Core/Decode_I/Reg_Write                                           |                                                                                                                                                   |               32 |            256 |
+-------------------------------------------------+--------------------------------------------------------------------------------------------------------------------------------------------------------+---------------------------------------------------------------------------------------------------------------------------------------------------+------------------+----------------+


